Component: ARM Compiler 5.06 update 3 (build 300) Tool: armlink [4d35c9]

==============================================================================

Section Cross References

    app.o(i.AppObjCreate) refers to os_sem.o(i.OSSemCreate) for OSSemCreate
    app.o(i.AppObjCreate) refers to app.o(.bss) for SEM_MUTEX
    app.o(i.AppTaskCOM) refers to bsp_led.o(i.bsp_LedToggle) for bsp_LedToggle
    app.o(i.AppTaskCOM) refers to os_time.o(i.OSTimeDly) for OSTimeDly
    app.o(i.AppTaskCreate) refers to os_task.o(i.OSTaskCreate) for OSTaskCreate
    app.o(i.AppTaskCreate) refers to app.o(.bss) for AppTaskMsgProStk
    app.o(i.AppTaskCreate) refers to app.o(i.AppTaskMsgPro) for AppTaskMsgPro
    app.o(i.AppTaskCreate) refers to app.o(i.AppTaskCOM) for AppTaskCOM
    app.o(i.AppTaskCreate) refers to app.o(i.AppTaskUserIF) for AppTaskUserIF
    app.o(i.AppTaskMsgPro) refers to os_task.o(i.OSTaskQPend) for OSTaskQPend
    app.o(i.AppTaskMsgPro) refers to app.o(i.App_Printf) for App_Printf
    app.o(i.AppTaskStart) refers to cpu_core.o(i.CPU_Init) for CPU_Init
    app.o(i.AppTaskStart) refers to bsp.o(i.bsp_Init) for bsp_Init
    app.o(i.AppTaskStart) refers to bsp.o(i.BSP_Tick_Init) for BSP_Tick_Init
    app.o(i.AppTaskStart) refers to os_stat.o(i.OSStatTaskCPUUsageInit) for OSStatTaskCPUUsageInit
    app.o(i.AppTaskStart) refers to cpu_core.o(i.CPU_IntDisMeasMaxCurReset) for CPU_IntDisMeasMaxCurReset
    app.o(i.AppTaskStart) refers to app.o(i.AppTaskCreate) for AppTaskCreate
    app.o(i.AppTaskStart) refers to app.o(i.AppObjCreate) for AppObjCreate
    app.o(i.AppTaskStart) refers to bsp_key.o(i.bsp_KeyScan) for bsp_KeyScan
    app.o(i.AppTaskStart) refers to os_time.o(i.OSTimeDly) for OSTimeDly
    app.o(i.AppTaskUserIF) refers to os_time.o(i.OSTimeDly) for OSTimeDly
    app.o(i.App_Printf) refers to printfa.o(i.__0vsnprintf) for __c89vsnprintf
    app.o(i.App_Printf) refers to os_sem.o(i.OSSemPend) for OSSemPend
    app.o(i.App_Printf) refers to printf2.o(i.__0printf$2) for __2printf
    app.o(i.App_Printf) refers to os_sem.o(i.OSSemPost) for OSSemPost
    app.o(i.App_Printf) refers to app.o(.bss) for SEM_MUTEX
    app.o(i.DispTaskInfo) refers to cpu_a.o(.text) for CPU_SR_Save
    app.o(i.DispTaskInfo) refers to cpu_core.o(i.CPU_IntDisMeasStart) for CPU_IntDisMeasStart
    app.o(i.DispTaskInfo) refers to cpu_core.o(i.CPU_IntDisMeasStop) for CPU_IntDisMeasStop
    app.o(i.DispTaskInfo) refers to app.o(i.App_Printf) for App_Printf
    app.o(i.DispTaskInfo) refers to ffltui.o(.text) for __aeabi_ui2f
    app.o(i.DispTaskInfo) refers to fdiv.o(.text) for __aeabi_fdiv
    app.o(i.DispTaskInfo) refers to f2d.o(.text) for __aeabi_f2d
    app.o(i.DispTaskInfo) refers to os_var.o(.data) for OSTaskDbgListPtr
    app.o(i.DispTaskInfo) refers to app.o(.conststring) for .conststring
    app.o(i.main) refers to os_core.o(i.OSInit) for OSInit
    app.o(i.main) refers to os_task.o(i.OSTaskCreate) for OSTaskCreate
    app.o(i.main) refers to os_core.o(i.OSStart) for OSStart
    app.o(i.main) refers to app.o(.bss) for AppTaskStartStk
    app.o(i.main) refers to app.o(i.AppTaskStart) for AppTaskStart
    cpu_bsp.o(i.CPU_TS32_to_uSec) refers to bsp.o(i.BSP_CPU_ClkFreq) for BSP_CPU_ClkFreq
    cpu_bsp.o(i.CPU_TS32_to_uSec) refers to uldiv.o(.text) for __aeabi_uldivmod
    cpu_bsp.o(i.CPU_TS_TmrInit) refers to bsp.o(i.BSP_CPU_ClkFreq) for BSP_CPU_ClkFreq
    cpu_bsp.o(i.CPU_TS_TmrInit) refers to cpu_core.o(i.CPU_TS_TmrFreqSet) for CPU_TS_TmrFreqSet
    os_app_hooks.o(i.App_OS_ClrAllHooks) refers to cpu_a.o(.text) for CPU_SR_Save
    os_app_hooks.o(i.App_OS_ClrAllHooks) refers to cpu_core.o(i.CPU_IntDisMeasStart) for CPU_IntDisMeasStart
    os_app_hooks.o(i.App_OS_ClrAllHooks) refers to cpu_core.o(i.CPU_IntDisMeasStop) for CPU_IntDisMeasStop
    os_app_hooks.o(i.App_OS_ClrAllHooks) refers to os_var.o(.data) for OS_AppIdleTaskHookPtr
    os_app_hooks.o(i.App_OS_SetAllHooks) refers to cpu_a.o(.text) for CPU_SR_Save
    os_app_hooks.o(i.App_OS_SetAllHooks) refers to cpu_core.o(i.CPU_IntDisMeasStart) for CPU_IntDisMeasStart
    os_app_hooks.o(i.App_OS_SetAllHooks) refers to cpu_core.o(i.CPU_IntDisMeasStop) for CPU_IntDisMeasStop
    os_app_hooks.o(i.App_OS_SetAllHooks) refers to os_app_hooks.o(i.App_OS_IdleTaskHook) for App_OS_IdleTaskHook
    os_app_hooks.o(i.App_OS_SetAllHooks) refers to os_var.o(.data) for OS_AppIdleTaskHookPtr
    os_app_hooks.o(i.App_OS_SetAllHooks) refers to os_app_hooks.o(i.App_OS_StatTaskHook) for App_OS_StatTaskHook
    os_app_hooks.o(i.App_OS_SetAllHooks) refers to os_app_hooks.o(i.App_OS_TaskCreateHook) for App_OS_TaskCreateHook
    os_app_hooks.o(i.App_OS_SetAllHooks) refers to os_app_hooks.o(i.App_OS_TaskDelHook) for App_OS_TaskDelHook
    os_app_hooks.o(i.App_OS_SetAllHooks) refers to os_app_hooks.o(i.App_OS_TaskReturnHook) for App_OS_TaskReturnHook
    os_app_hooks.o(i.App_OS_SetAllHooks) refers to os_app_hooks.o(i.App_OS_TaskSwHook) for App_OS_TaskSwHook
[...]
    os_mutex.o(i.OS_MutexClr) refers to os_core.o(i.OS_PendListInit) for OS_PendListInit
    os_mutex.o(i.OS_MutexDbgListAdd) refers to os_var.o(.data) for OSMutexDbgListPtr
    os_mutex.o(i.OS_MutexDbgListRemove) refers to os_var.o(.data) for OSMutexDbgListPtr
    os_mutex.o(i.OS_MutexGrpPostAll) refers to cpu_bsp.o(i.CPU_TS_TmrRd) for CPU_TS_TmrRd
    os_mutex.o(i.OS_MutexGrpPostAll) refers to os_mutex.o(i.OS_MutexGrpRemove) for OS_MutexGrpRemove
    os_mutex.o(i.OS_MutexGrpPostAll) refers to os_mutex.o(i.OS_MutexGrpAdd) for OS_MutexGrpAdd
    os_mutex.o(i.OS_MutexGrpPostAll) refers to os_core.o(i.OS_Post) for OS_Post
    os_prio.o(i.OS_PrioGetHighest) refers to cpu_a.o(.text) for CPU_CntLeadZeros
    os_prio.o(i.OS_PrioGetHighest) refers to os_prio.o(.data) for OSPrioTbl
    os_prio.o(i.OS_PrioInit) refers to os_prio.o(.data) for OSPrioTbl
    os_prio.o(i.OS_PrioInsert) refers to os_prio.o(.data) for OSPrioTbl
    os_prio.o(i.OS_PrioRemove) refers to os_prio.o(.data) for OSPrioTbl
    os_q.o(i.OSQCreate) refers to cpu_a.o(.text) for CPU_SR_Save
    os_q.o(i.OSQCreate) refers to cpu_core.o(i.CPU_IntDisMeasStart) for CPU_IntDisMeasStart
    os_q.o(i.OSQCreate) refers to os_msg.o(i.OS_MsgQInit) for OS_MsgQInit
    os_q.o(i.OSQCreate) refers to os_core.o(i.OS_PendListInit) for OS_PendListInit
    os_q.o(i.OSQCreate) refers to os_q.o(i.OS_QDbgListAdd) for OS_QDbgListAdd
    os_q.o(i.OSQCreate) refers to cpu_core.o(i.CPU_IntDisMeasStop) for CPU_IntDisMeasStop
    os_q.o(i.OSQCreate) refers to os_var.o(.data) for OSIntNestingCtr
    os_q.o(i.OSQPend) refers to cpu_a.o(.text) for CPU_SR_Save
    os_q.o(i.OSQPend) refers to cpu_core.o(i.CPU_IntDisMeasStart) for CPU_IntDisMeasStart
    os_q.o(i.OSQPend) refers to os_msg.o(i.OS_MsgQGet) for OS_MsgQGet
    os_q.o(i.OSQPend) refers to cpu_core.o(i.CPU_IntDisMeasStop) for CPU_IntDisMeasStop
    os_q.o(i.OSQPend) refers to os_core.o(i.OS_Pend) for OS_Pend
    os_q.o(i.OSQPend) refers to os_core.o(i.OSSched) for OSSched
    os_q.o(i.OSQPend) refers to os_var.o(.data) for OSIntNestingCtr
    os_q.o(i.OSQPendAbort) refers to cpu_a.o(.text) for CPU_SR_Save
    os_q.o(i.OSQPendAbort) refers to cpu_core.o(i.CPU_IntDisMeasStart) for CPU_IntDisMeasStart
    os_q.o(i.OSQPendAbort) refers to cpu_core.o(i.CPU_IntDisMeasStop) for CPU_IntDisMeasStop
    os_q.o(i.OSQPendAbort) refers to cpu_bsp.o(i.CPU_TS_TmrRd) for CPU_TS_TmrRd
    os_q.o(i.OSQPendAbort) refers to os_core.o(i.OS_PendAbort) for OS_PendAbort
    os_q.o(i.OSQPendAbort) refers to os_core.o(i.OSSched) for OSSched
    os_q.o(i.OSQPendAbort) refers to os_var.o(.data) for OSIntNestingCtr
    os_q.o(i.OSQPost) refers to cpu_bsp.o(i.CPU_TS_TmrRd) for CPU_TS_TmrRd
    os_q.o(i.OSQPost) refers to os_q.o(i.OS_QPost) for OS_QPost
    os_q.o(i.OS_QClr) refers to os_msg.o(i.OS_MsgQFreeAll) for OS_MsgQFreeAll
    os_q.o(i.OS_QClr) refers to os_msg.o(i.OS_MsgQInit) for OS_MsgQInit
    os_q.o(i.OS_QClr) refers to os_core.o(i.OS_PendListInit) for OS_PendListInit
    os_q.o(i.OS_QDbgListAdd) refers to os_var.o(.data) for OSQDbgListPtr
    os_q.o(i.OS_QDbgListRemove) refers to os_var.o(.data) for OSQDbgListPtr
    os_q.o(i.OS_QPost) refers to cpu_a.o(.text) for CPU_SR_Save
    os_q.o(i.OS_QPost) refers to cpu_core.o(i.CPU_IntDisMeasStart) for CPU_IntDisMeasStart
    os_q.o(i.OS_QPost) refers to os_msg.o(i.OS_MsgQPut) for OS_MsgQPut
    os_q.o(i.OS_QPost) refers to cpu_core.o(i.CPU_IntDisMeasStop) for CPU_IntDisMeasStop
    os_q.o(i.OS_QPost) refers to os_core.o(i.OS_Post) for OS_Post
    os_q.o(i.OS_QPost) refers to os_core.o(i.OSSched) for OSSched
    os_sem.o(i.OSSemCreate) refers to cpu_a.o(.text) for CPU_SR_Save
    os_sem.o(i.OSSemCreate) refers to cpu_core.o(i.CPU_IntDisMeasStart) for CPU_IntDisMeasStart
    os_sem.o(i.OSSemCreate) refers to os_core.o(i.OS_PendListInit) for OS_PendListInit
    os_sem.o(i.OSSemCreate) refers to os_sem.o(i.OS_SemDbgListAdd) for OS_SemDbgListAdd
    os_sem.o(i.OSSemCreate) refers to cpu_core.o(i.CPU_IntDisMeasStop) for CPU_IntDisMeasStop
    os_sem.o(i.OSSemCreate) refers to os_var.o(.data) for OSIntNestingCtr
    os_sem.o(i.OSSemDel) refers to cpu_a.o(.text) for CPU_SR_Save
    os_sem.o(i.OSSemDel) refers to cpu_core.o(i.CPU_IntDisMeasStart) for CPU_IntDisMeasStart
    os_sem.o(i.OSSemDel) refers to os_sem.o(i.OS_SemDbgListRemove) for OS_SemDbgListRemove
    os_sem.o(i.OSSemDel) refers to os_sem.o(i.OS_SemClr) for OS_SemClr
    os_sem.o(i.OSSemDel) refers to cpu_core.o(i.CPU_IntDisMeasStop) for CPU_IntDisMeasStop
    os_sem.o(i.OSSemDel) refers to cpu_bsp.o(i.CPU_TS_TmrRd) for CPU_TS_TmrRd
    os_sem.o(i.OSSemDel) refers to os_core.o(i.OS_PendObjDel) for OS_PendObjDel
    os_sem.o(i.OSSemDel) refers to os_core.o(i.OSSched) for OSSched
    os_sem.o(i.OSSemDel) refers to os_var.o(.data) for OSIntNestingCtr
    os_sem.o(i.OSSemPend) refers to cpu_a.o(.text) for CPU_SR_Save
    os_sem.o(i.OSSemPend) refers to cpu_core.o(i.CPU_IntDisMeasStart) for CPU_IntDisMeasStart
    os_sem.o(i.OSSemPend) refers to cpu_core.o(i.CPU_IntDisMeasStop) for CPU_IntDisMeasStop
    os_sem.o(i.OSSemPend) refers to os_core.o(i.OS_Pend) for OS_Pend
    os_sem.o(i.OSSemPend) refers to os_core.o(i.OSSched) for OSSched
    os_sem.o(i.OSSemPend) refers to os_var.o(.data) for OSIntNestingCtr
    os_sem.o(i.OSSemPendAbort) refers to cpu_a.o(.text) for CPU_SR_Save
    os_sem.o(i.OSSemPendAbort) refers to cpu_core.o(i.CPU_IntDisMeasStart) for CPU_IntDisMeasStart
    os_sem.o(i.OSSemPendAbort) refers to cpu_core.o(i.CPU_IntDisMeasStop) for CPU_IntDisMeasStop
    os_sem.o(i.OSSemPendAbort) refers to cpu_bsp.o(i.CPU_TS_TmrRd) for CPU_TS_TmrRd
    os_sem.o(i.OSSemPendAbort) refers to os_core.o(i.OS_PendAbort) for OS_PendAbort
    os_sem.o(i.OSSemPendAbort) refers to os_core.o(i.OSSched) for OSSched
    os_sem.o(i.OSSemPendAbort) refers to os_var.o(.data) for OSIntNestingCtr
    os_sem.o(i.OSSemPost) refers to cpu_bsp.o(i.CPU_TS_TmrRd) for CPU_TS_TmrRd
    os_sem.o(i.OSSemPost) refers to os_sem.o(i.OS_SemPost) for OS_SemPost
    os_sem.o(i.OSSemSet) refers to cpu_a.o(.text) for CPU_SR_Save
    os_sem.o(i.OSSemSet) refers to cpu_core.o(i.CPU_IntDisMeasStart) for CPU_IntDisMeasStart
    os_sem.o(i.OSSemSet) refers to cpu_core.o(i.CPU_IntDisMeasStop) for CPU_IntDisMeasStop
    os_sem.o(i.OSSemSet) refers to os_var.o(.data) for OSIntNestingCtr
    os_sem.o(i.OS_SemClr) refers to os_core.o(i.OS_PendListInit) for OS_PendListInit
    os_sem.o(i.OS_SemDbgListAdd) refers to os_var.o(.data) for OSSemDbgListPtr
    os_sem.o(i.OS_SemDbgListRemove) refers to os_var.o(.data) for OSSemDbgListPtr
    os_sem.o(i.OS_SemPost) refers to cpu_a.o(.text) for CPU_SR_Save
    os_sem.o(i.OS_SemPost) refers to cpu_core.o(i.CPU_IntDisMeasStart) for CPU_IntDisMeasStart
    os_sem.o(i.OS_SemPost) refers to cpu_core.o(i.CPU_IntDisMeasStop) for CPU_IntDisMeasStop
    os_sem.o(i.OS_SemPost) refers to os_core.o(i.OS_Post) for OS_Post
    os_sem.o(i.OS_SemPost) refers to os_core.o(i.OSSched) for OSSched
    os_stat.o(i.OSStatReset) refers to cpu_a.o(.text) for CPU_SR_Save
    os_stat.o(i.OSStatReset) refers to cpu_core.o(i.CPU_IntDisMeasStart) for CPU_IntDisMeasStart
    os_stat.o(i.OSStatReset) refers to cpu_core.o(i.CPU_IntDisMeasStop) for CPU_IntDisMeasStop
    os_stat.o(i.OSStatReset) refers to cpu_bsp.o(i.CPU_TS_TmrRd) for CPU_TS_TmrRd
    os_stat.o(i.OSStatReset) refers to os_var.o(.data) for OSStatTaskCPUUsageMax
    os_stat.o(i.OSStatReset) refers to os_var.o(.bss) for OSMsgPool
    os_stat.o(i.OSStatTaskCPUUsageInit) refers to os_task.o(i.OSTaskSuspend) for OSTaskSuspend
    os_stat.o(i.OSStatTaskCPUUsageInit) refers to os_time.o(i.OSTimeDly) for OSTimeDly
    os_stat.o(i.OSStatTaskCPUUsageInit) refers to cpu_a.o(.text) for CPU_SR_Save
    os_stat.o(i.OSStatTaskCPUUsageInit) refers to cpu_core.o(i.CPU_IntDisMeasStart) for CPU_IntDisMeasStart
    os_stat.o(i.OSStatTaskCPUUsageInit) refers to cpu_core.o(i.CPU_IntDisMeasStop) for CPU_IntDisMeasStop
    os_stat.o(i.OSStatTaskCPUUsageInit) refers to os_task.o(i.OSTaskResume) for OSTaskResume
    os_stat.o(i.OSStatTaskCPUUsageInit) refers to os_var.o(.bss) for OSTmrTaskTCB
    os_stat.o(i.OSStatTaskCPUUsageInit) refers to os_var.o(.data) for OSStatTaskCtr
    os_stat.o(i.OSStatTaskCPUUsageInit) refers to os_cfg_app.o(.constdata) for OSCfg_TickRate_Hz
    os_stat.o(i.OS_StatTask) refers to os_time.o(i.OSTimeDly) for OSTimeDly
    os_stat.o(i.OS_StatTask) refers to os_stat.o(i.OSStatReset) for OSStatReset
    os_stat.o(i.OS_StatTask) refers to cpu_bsp.o(i.CPU_TS_TmrRd) for CPU_TS_TmrRd
    os_stat.o(i.OS_StatTask) refers to cpu_core.o(i.CPU_IntDisMeasMaxGet) for CPU_IntDisMeasMaxGet
    os_stat.o(i.OS_StatTask) refers to cpu_a.o(.text) for CPU_SR_Save
    os_stat.o(i.OS_StatTask) refers to cpu_core.o(i.CPU_IntDisMeasStart) for CPU_IntDisMeasStart
    os_stat.o(i.OS_StatTask) refers to cpu_core.o(i.CPU_IntDisMeasStop) for CPU_IntDisMeasStop
    os_stat.o(i.OS_StatTask) refers to os_cpu_c.o(i.OSStatTaskHook) for OSStatTaskHook
    os_stat.o(i.OS_StatTask) refers to os_task.o(i.OSTaskStkChk) for OSTaskStkChk
    os_stat.o(i.OS_StatTask) refers to os_cfg_app.o(.constdata) for OSCfg_StatTaskRate_Hz
    os_stat.o(i.OS_StatTask) refers to os_var.o(.data) for OSStatTaskRdy
    os_stat.o(i.OS_StatTaskInit) refers to os_task.o(i.OSTaskCreate) for OSTaskCreate
    os_stat.o(i.OS_StatTaskInit) refers to os_var.o(.data) for OSStatTaskCtr
    os_stat.o(i.OS_StatTaskInit) refers to os_cfg_app.o(.constdata) for OSCfg_StatTaskStkBasePtr
    os_stat.o(i.OS_StatTaskInit) refers to os_stat.o(i.OS_StatTask) for OS_StatTask
    os_stat.o(i.OS_StatTaskInit) refers to os_var.o(.bss) for OSStatTaskTCB
    os_task.o(i.OSTaskChangePrio) refers to cpu_a.o(.text) for CPU_SR_Save
    os_task.o(i.OSTaskChangePrio) refers to cpu_core.o(i.CPU_IntDisMeasStart) for CPU_IntDisMeasStart
    os_task.o(i.OSTaskChangePrio) refers to cpu_core.o(i.CPU_IntDisMeasStop) for CPU_IntDisMeasStop
    os_task.o(i.OSTaskChangePrio) refers to os_mutex.o(i.OS_MutexGrpPrioFindHighest) for OS_MutexGrpPrioFindHighest
    os_task.o(i.OSTaskChangePrio) refers to os_task.o(i.OS_TaskChangePrio) for OS_TaskChangePrio
    os_task.o(i.OSTaskChangePrio) refers to os_core.o(i.OSSched) for OSSched
    os_task.o(i.OSTaskChangePrio) refers to os_var.o(.data) for OSIntNestingCtr
    os_task.o(i.OSTaskCreate) refers to os_task.o(i.OS_TaskInitTCB) for OS_TaskInitTCB
    os_task.o(i.OSTaskCreate) refers to os_cpu_c.o(i.OSTaskStkInit) for OSTaskStkInit
    os_task.o(i.OSTaskCreate) refers to os_msg.o(i.OS_MsgQInit) for OS_MsgQInit
    os_task.o(i.OSTaskCreate) refers to os_cpu_c.o(i.OSTaskCreateHook) for OSTaskCreateHook
    os_task.o(i.OSTaskCreate) refers to cpu_a.o(.text) for CPU_SR_Save
    os_task.o(i.OSTaskCreate) refers to cpu_core.o(i.CPU_IntDisMeasStart) for CPU_IntDisMeasStart
    os_task.o(i.OSTaskCreate) refers to os_prio.o(i.OS_PrioInsert) for OS_PrioInsert
    os_task.o(i.OSTaskCreate) refers to os_core.o(i.OS_RdyListInsertTail) for OS_RdyListInsertTail
    os_task.o(i.OSTaskCreate) refers to os_task.o(i.OS_TaskDbgListAdd) for OS_TaskDbgListAdd
    os_task.o(i.OSTaskCreate) refers to cpu_core.o(i.CPU_IntDisMeasStop) for CPU_IntDisMeasStop
    os_task.o(i.OSTaskCreate) refers to os_core.o(i.OSSched) for OSSched
    os_task.o(i.OSTaskCreate) refers to os_var.o(.data) for OSIntNestingCtr
    os_task.o(i.OSTaskCreate) refers to os_cfg_app.o(.constdata) for OSCfg_StkSizeMin
    os_task.o(i.OSTaskCreate) refers to os_var.o(.bss) for OSIdleTaskTCB
    os_task.o(i.OSTaskQFlush) refers to cpu_a.o(.text) for CPU_SR_Save
    os_task.o(i.OSTaskQFlush) refers to cpu_core.o(i.CPU_IntDisMeasStart) for CPU_IntDisMeasStart
    os_task.o(i.OSTaskQFlush) refers to cpu_core.o(i.CPU_IntDisMeasStop) for CPU_IntDisMeasStop
    os_task.o(i.OSTaskQFlush) refers to os_msg.o(i.OS_MsgQFreeAll) for OS_MsgQFreeAll
    os_task.o(i.OSTaskQFlush) refers to os_var.o(.data) for OSIntNestingCtr
    os_task.o(i.OSTaskQPend) refers to cpu_a.o(.text) for CPU_SR_Save
    os_task.o(i.OSTaskQPend) refers to cpu_core.o(i.CPU_IntDisMeasStart) for CPU_IntDisMeasStart
    os_task.o(i.OSTaskQPend) refers to os_msg.o(i.OS_MsgQGet) for OS_MsgQGet
    os_task.o(i.OSTaskQPend) refers to cpu_bsp.o(i.CPU_TS_TmrRd) for CPU_TS_TmrRd
    os_task.o(i.OSTaskQPend) refers to cpu_core.o(i.CPU_IntDisMeasStop) for CPU_IntDisMeasStop
    os_task.o(i.OSTaskQPend) refers to os_core.o(i.OS_Pend) for OS_Pend
    os_task.o(i.OSTaskQPend) refers to os_core.o(i.OSSched) for OSSched
    os_task.o(i.OSTaskQPend) refers to os_var.o(.data) for OSIntNestingCtr
    os_task.o(i.OSTaskQPost) refers to cpu_bsp.o(i.CPU_TS_TmrRd) for CPU_TS_TmrRd
    os_task.o(i.OSTaskQPost) refers to os_task.o(i.OS_TaskQPost) for OS_TaskQPost
    os_task.o(i.OSTaskRegGet) refers to cpu_a.o(.text) for CPU_SR_Save
    os_task.o(i.OSTaskRegGet) refers to cpu_core.o(i.CPU_IntDisMeasStart) for CPU_IntDisMeasStart
    os_task.o(i.OSTaskRegGet) refers to cpu_core.o(i.CPU_IntDisMeasStop) for CPU_IntDisMeasStop
    os_task.o(i.OSTaskRegGet) refers to os_var.o(.data) for OSTCBCurPtr
    os_task.o(i.OSTaskRegGetID) refers to cpu_a.o(.text) for CPU_SR_Save
    os_task.o(i.OSTaskRegGetID) refers to cpu_core.o(i.CPU_IntDisMeasStart) for CPU_IntDisMeasStart
    os_task.o(i.OSTaskRegGetID) refers to cpu_core.o(i.CPU_IntDisMeasStop) for CPU_IntDisMeasStop
    os_task.o(i.OSTaskRegGetID) refers to os_var.o(.data) for OSTaskRegNextAvailID
    os_task.o(i.OSTaskRegSet) refers to cpu_a.o(.text) for CPU_SR_Save
    os_task.o(i.OSTaskRegSet) refers to cpu_core.o(i.CPU_IntDisMeasStart) for CPU_IntDisMeasStart
    os_task.o(i.OSTaskRegSet) refers to cpu_core.o(i.CPU_IntDisMeasStop) for CPU_IntDisMeasStop
    os_task.o(i.OSTaskRegSet) refers to os_var.o(.data) for OSTCBCurPtr
    os_task.o(i.OSTaskResume) refers to cpu_a.o(.text) for CPU_SR_Save
    os_task.o(i.OSTaskResume) refers to cpu_core.o(i.CPU_IntDisMeasStart) for CPU_IntDisMeasStart
    os_task.o(i.OSTaskResume) refers to cpu_core.o(i.CPU_IntDisMeasStop) for CPU_IntDisMeasStop
    os_task.o(i.OSTaskResume) refers to os_task.o(i.OS_TaskResume) for OS_TaskResume
    os_task.o(i.OSTaskResume) refers to os_var.o(.data) for OSIntNestingCtr
    os_task.o(i.OSTaskSemPend) refers to cpu_a.o(.text) for CPU_SR_Save
    os_task.o(i.OSTaskSemPend) refers to cpu_core.o(i.CPU_IntDisMeasStart) for CPU_IntDisMeasStart
    os_task.o(i.OSTaskSemPend) refers to cpu_bsp.o(i.CPU_TS_TmrRd) for CPU_TS_TmrRd
    os_task.o(i.OSTaskSemPend) refers to cpu_core.o(i.CPU_IntDisMeasStop) for CPU_IntDisMeasStop
    os_task.o(i.OSTaskSemPend) refers to os_core.o(i.OS_Pend) for OS_Pend
    os_task.o(i.OSTaskSemPend) refers to os_core.o(i.OSSched) for OSSched
    os_task.o(i.OSTaskSemPend) refers to os_var.o(.data) for OSIntNestingCtr
    os_task.o(i.OSTaskSemPendAbort) refers to cpu_a.o(.text) for CPU_SR_Save
    os_task.o(i.OSTaskSemPendAbort) refers to cpu_core.o(i.CPU_IntDisMeasStart) for CPU_IntDisMeasStart
    os_task.o(i.OSTaskSemPendAbort) refers to cpu_core.o(i.CPU_IntDisMeasStop) for CPU_IntDisMeasStop
    os_task.o(i.OSTaskSemPendAbort) refers to cpu_bsp.o(i.CPU_TS_TmrRd) for CPU_TS_TmrRd
    os_task.o(i.OSTaskSemPendAbort) refers to os_core.o(i.OS_PendAbort) for OS_PendAbort
    os_task.o(i.OSTaskSemPendAbort) refers to os_core.o(i.OSSched) for OSSched
    os_task.o(i.OSTaskSemPendAbort) refers to os_var.o(.data) for OSIntNestingCtr
    os_task.o(i.OSTaskSemPost) refers to cpu_bsp.o(i.CPU_TS_TmrRd) for CPU_TS_TmrRd
    os_task.o(i.OSTaskSemPost) refers to os_task.o(i.OS_TaskSemPost) for OS_TaskSemPost
    os_task.o(i.OSTaskSemSet) refers to cpu_a.o(.text) for CPU_SR_Save
    os_task.o(i.OSTaskSemSet) refers to cpu_core.o(i.CPU_IntDisMeasStart) for CPU_IntDisMeasStart
    os_task.o(i.OSTaskSemSet) refers to cpu_core.o(i.CPU_IntDisMeasStop) for CPU_IntDisMeasStop
    os_task.o(i.OSTaskSemSet) refers to os_var.o(.data) for OSIntNestingCtr
    os_task.o(i.OSTaskStkChk) refers to cpu_a.o(.text) for CPU_SR_Save
    os_task.o(i.OSTaskStkChk) refers to cpu_core.o(i.CPU_IntDisMeasStart) for CPU_IntDisMeasStart
    os_task.o(i.OSTaskStkChk) refers to cpu_core.o(i.CPU_IntDisMeasStop) for CPU_IntDisMeasStop
    os_task.o(i.OSTaskStkChk) refers to os_var.o(.data) for OSIntNestingCtr
    os_task.o(i.OSTaskSuspend) refers to os_task.o(i.OS_TaskSuspend) for OS_TaskSuspend
    os_task.o(i.OSTaskSuspend) refers to os_var.o(.data) for OSIntNestingCtr
    os_task.o(i.OSTaskSuspend) refers to os_var.o(.bss) for OSIdleTaskTCB
    os_task.o(i.OS_TaskChangePrio) refers to os_core.o(i.OS_RdyListRemove) for OS_RdyListRemove
    os_task.o(i.OS_TaskChangePrio) refers to os_prio.o(i.OS_PrioInsert) for OS_PrioInsert
    os_task.o(i.OS_TaskChangePrio) refers to os_core.o(i.OS_RdyListInsertHead) for OS_RdyListInsertHead
    os_task.o(i.OS_TaskChangePrio) refers to os_core.o(i.OS_RdyListInsertTail) for OS_RdyListInsertTail
    os_task.o(i.OS_TaskChangePrio) refers to os_core.o(i.OS_PendListChangePrio) for OS_PendListChangePrio
    os_task.o(i.OS_TaskChangePrio) refers to os_mutex.o(i.OS_MutexGrpPrioFindHighest) for OS_MutexGrpPrioFindHighest
    os_task.o(i.OS_TaskChangePrio) refers to os_var.o(.data) for OSTCBCurPtr
    os_task.o(i.OS_TaskDbgListAdd) refers to os_var.o(.data) for OSTaskDbgListPtr
    os_task.o(i.OS_TaskDbgListRemove) refers to os_var.o(.data) for OSTaskDbgListPtr
    os_task.o(i.OS_TaskInit) refers to os_var.o(.data) for OSTaskDbgListPtr
    os_task.o(i.OS_TaskInitTCB) refers to os_msg.o(i.OS_MsgQInit) for OS_MsgQInit
    os_task.o(i.OS_TaskInitTCB) refers to cpu_bsp.o(i.CPU_TS_TmrRd) for CPU_TS_TmrRd
    os_task.o(i.OS_TaskQPost) refers to cpu_a.o(.text) for CPU_SR_Save
    os_task.o(i.OS_TaskQPost) refers to cpu_core.o(i.CPU_IntDisMeasStart) for CPU_IntDisMeasStart
    os_task.o(i.OS_TaskQPost) refers to os_msg.o(i.OS_MsgQPut) for OS_MsgQPut
    os_task.o(i.OS_TaskQPost) refers to cpu_core.o(i.CPU_IntDisMeasStop) for CPU_IntDisMeasStop
    os_task.o(i.OS_TaskQPost) refers to os_core.o(i.OS_Post) for OS_Post
    os_task.o(i.OS_TaskQPost) refers to os_core.o(i.OSSched) for OSSched
    os_task.o(i.OS_TaskQPost) refers to os_var.o(.data) for OSTCBCurPtr
    os_task.o(i.OS_TaskResume) refers to cpu_a.o(.text) for CPU_SR_Save
    os_task.o(i.OS_TaskResume) refers to cpu_core.o(i.CPU_IntDisMeasStart) for CPU_IntDisMeasStart
    os_task.o(i.OS_TaskResume) refers to cpu_core.o(i.CPU_IntDisMeasStop) for CPU_IntDisMeasStop
    os_task.o(i.OS_TaskResume) refers to os_core.o(i.OS_RdyListInsert) for OS_RdyListInsert
    os_task.o(i.OS_TaskResume) refers to os_core.o(i.OSSched) for OSSched
    os_task.o(i.OS_TaskReturn) refers to os_cpu_c.o(i.OSTaskReturnHook) for OSTaskReturnHook
    os_task.o(i.OS_TaskReturn) refers to os_time.o(i.OSTimeDly) for OSTimeDly
    os_task.o(i.OS_TaskReturn) refers to os_var.o(.data) for OSTCBCurPtr
    os_task.o(i.OS_TaskReturn) refers to os_cfg_app.o(.constdata) for OSCfg_TickRate_Hz
    os_task.o(i.OS_TaskSemPost) refers to cpu_a.o(.text) for CPU_SR_Save
    os_task.o(i.OS_TaskSemPost) refers to cpu_core.o(i.CPU_IntDisMeasStart) for CPU_IntDisMeasStart
    os_task.o(i.OS_TaskSemPost) refers to cpu_core.o(i.CPU_IntDisMeasStop) for CPU_IntDisMeasStop
    os_task.o(i.OS_TaskSemPost) refers to os_core.o(i.OS_Post) for OS_Post
    os_task.o(i.OS_TaskSemPost) refers to os_core.o(i.OSSched) for OSSched
    os_task.o(i.OS_TaskSemPost) refers to os_var.o(.data) for OSTCBCurPtr
    os_task.o(i.OS_TaskSuspend) refers to cpu_a.o(.text) for CPU_SR_Save
    os_task.o(i.OS_TaskSuspend) refers to cpu_core.o(i.CPU_IntDisMeasStart) for CPU_IntDisMeasStart
    os_task.o(i.OS_TaskSuspend) refers to cpu_core.o(i.CPU_IntDisMeasStop) for CPU_IntDisMeasStop
    os_task.o(i.OS_TaskSuspend) refers to os_core.o(i.OS_RdyListRemove) for OS_RdyListRemove
    os_task.o(i.OS_TaskSuspend) refers to os_core.o(i.OSSched) for OSSched
    os_task.o(i.OS_TaskSuspend) refers to os_var.o(.data) for OSRunning
    os_tick.o(i.OS_TickListInsertDly) refers to os_tick.o(i.OS_TickListInsert) for OS_TickListInsert
    os_tick.o(i.OS_TickListInsertDly) refers to os_var.o(.data) for OSTickCtr
    os_tick.o(i.OS_TickListUpdateDly) refers to cpu_bsp.o(i.CPU_TS_TmrRd) for CPU_TS_TmrRd
    os_tick.o(i.OS_TickListUpdateDly) refers to os_core.o(i.OS_RdyListInsert) for OS_RdyListInsert
    os_tick.o(i.OS_TickListUpdateDly) refers to os_var.o(.data) for OSTickListDly
    os_tick.o(i.OS_TickListUpdateTimeout) refers to cpu_bsp.o(i.CPU_TS_TmrRd) for CPU_TS_TmrRd
    os_tick.o(i.OS_TickListUpdateTimeout) refers to os_core.o(i.OS_PendListRemove) for OS_PendListRemove
    os_tick.o(i.OS_TickListUpdateTimeout) refers to os_core.o(i.OS_RdyListInsert) for OS_RdyListInsert
    os_tick.o(i.OS_TickListUpdateTimeout) refers to os_mutex.o(i.OS_MutexGrpPrioFindHighest) for OS_MutexGrpPrioFindHighest
    os_tick.o(i.OS_TickListUpdateTimeout) refers to os_task.o(i.OS_TaskChangePrio) for OS_TaskChangePrio
    os_tick.o(i.OS_TickListUpdateTimeout) refers to os_var.o(.data) for OSTickListTimeout
    os_tick.o(i.OS_TickTask) refers to os_task.o(i.OSTaskSemPend) for OSTaskSemPend
    os_tick.o(i.OS_TickTask) refers to cpu_a.o(.text) for CPU_SR_Save
    os_tick.o(i.OS_TickTask) refers to cpu_core.o(i.CPU_IntDisMeasStart) for CPU_IntDisMeasStart
    os_tick.o(i.OS_TickTask) refers to os_tick.o(i.OS_TickListUpdateDly) for OS_TickListUpdateDly
    os_tick.o(i.OS_TickTask) refers to os_tick.o(i.OS_TickListUpdateTimeout) for OS_TickListUpdateTimeout
    os_tick.o(i.OS_TickTask) refers to cpu_core.o(i.CPU_IntDisMeasStop) for CPU_IntDisMeasStop
    os_tick.o(i.OS_TickTask) refers to os_var.o(.data) for OSTickCtr
    os_tick.o(i.OS_TickTaskInit) refers to os_task.o(i.OSTaskCreate) for OSTaskCreate
    os_tick.o(i.OS_TickTaskInit) refers to os_var.o(.data) for OSTickCtr
    os_tick.o(i.OS_TickTaskInit) refers to os_cfg_app.o(.constdata) for OSCfg_TickTaskStkBasePtr
    os_tick.o(i.OS_TickTaskInit) refers to os_tick.o(i.OS_TickTask) for OS_TickTask
    os_tick.o(i.OS_TickTaskInit) refers to os_var.o(.bss) for OSTickTaskTCB
    os_time.o(i.OSTimeDly) refers to cpu_a.o(.text) for CPU_SR_Save
    os_time.o(i.OSTimeDly) refers to cpu_core.o(i.CPU_IntDisMeasStart) for CPU_IntDisMeasStart
    os_time.o(i.OSTimeDly) refers to os_tick.o(i.OS_TickListInsertDly) for OS_TickListInsertDly
    os_time.o(i.OSTimeDly) refers to cpu_core.o(i.CPU_IntDisMeasStop) for CPU_IntDisMeasStop
    os_time.o(i.OSTimeDly) refers to os_core.o(i.OS_RdyListRemove) for OS_RdyListRemove
    os_time.o(i.OSTimeDly) refers to os_core.o(i.OSSched) for OSSched
    os_time.o(i.OSTimeDly) refers to os_var.o(.data) for OSIntNestingCtr
    os_time.o(i.OSTimeDlyHMSM) refers to cpu_a.o(.text) for CPU_SR_Save
    os_time.o(i.OSTimeDlyHMSM) refers to cpu_core.o(i.CPU_IntDisMeasStart) for CPU_IntDisMeasStart
    os_time.o(i.OSTimeDlyHMSM) refers to os_tick.o(i.OS_TickListInsertDly) for OS_TickListInsertDly
    os_time.o(i.OSTimeDlyHMSM) refers to cpu_core.o(i.CPU_IntDisMeasStop) for CPU_IntDisMeasStop
    os_time.o(i.OSTimeDlyHMSM) refers to os_core.o(i.OS_RdyListRemove) for OS_RdyListRemove
    os_time.o(i.OSTimeDlyHMSM) refers to os_core.o(i.OSSched) for OSSched
    os_time.o(i.OSTimeDlyHMSM) refers to os_var.o(.data) for OSIntNestingCtr
    os_time.o(i.OSTimeDlyHMSM) refers to os_cfg_app.o(.constdata) for OSCfg_TickRate_Hz
    os_time.o(i.OSTimeGet) refers to cpu_a.o(.text) for CPU_SR_Save
    os_time.o(i.OSTimeGet) refers to cpu_core.o(i.CPU_IntDisMeasStart) for CPU_IntDisMeasStart
    os_time.o(i.OSTimeGet) refers to cpu_core.o(i.CPU_IntDisMeasStop) for CPU_IntDisMeasStop
    os_time.o(i.OSTimeGet) refers to os_var.o(.data) for OSTickCtr
    os_time.o(i.OSTimeSet) refers to cpu_a.o(.text) for CPU_SR_Save
    os_time.o(i.OSTimeSet) refers to cpu_core.o(i.CPU_IntDisMeasStart) for CPU_IntDisMeasStart
    os_time.o(i.OSTimeSet) refers to cpu_core.o(i.CPU_IntDisMeasStop) for CPU_IntDisMeasStop
    os_time.o(i.OSTimeSet) refers to os_var.o(.data) for OSTickCtr
    os_time.o(i.OSTimeTick) refers to os_cpu_c.o(i.OSTimeTickHook) for OSTimeTickHook
    os_time.o(i.OSTimeTick) refers to os_task.o(i.OSTaskSemPost) for OSTaskSemPost
    os_time.o(i.OSTimeTick) refers to os_var.o(.data) for OSRunning
    os_time.o(i.OSTimeTick) refers to os_var.o(.bss) for OSTickTaskTCB
    os_tmr.o(i.OSTmrCreate) refers to os_tmr.o(i.OS_TmrLock) for OS_TmrLock
    os_tmr.o(i.OSTmrCreate) refers to os_tmr.o(i.OS_TmrDbgListAdd) for OS_TmrDbgListAdd
    os_tmr.o(i.OSTmrCreate) refers to os_tmr.o(i.OS_TmrUnlock) for OS_TmrUnlock
    os_tmr.o(i.OSTmrCreate) refers to os_var.o(.data) for OSIntNestingCtr
    os_tmr.o(i.OSTmrRemainGet) refers to os_tmr.o(i.OS_TmrLock) for OS_TmrLock
    os_tmr.o(i.OSTmrRemainGet) refers to os_tmr.o(i.OS_TmrUnlock) for OS_TmrUnlock
    os_tmr.o(i.OSTmrRemainGet) refers to os_var.o(.data) for OSIntNestingCtr
    os_tmr.o(i.OSTmrSet) refers to os_tmr.o(i.OS_TmrLock) for OS_TmrLock
    os_tmr.o(i.OSTmrSet) refers to os_tmr.o(i.OS_TmrUnlock) for OS_TmrUnlock
    os_tmr.o(i.OSTmrSet) refers to os_var.o(.data) for OSIntNestingCtr
    os_tmr.o(i.OSTmrStart) refers to os_tmr.o(i.OS_TmrLock) for OS_TmrLock
    os_tmr.o(i.OSTmrStart) refers to os_tmr.o(i.OS_TmrUnlock) for OS_TmrUnlock
    os_tmr.o(i.OSTmrStart) refers to os_var.o(.data) for OSIntNestingCtr
    os_tmr.o(i.OSTmrStateGet) refers to os_tmr.o(i.OS_TmrLock) for OS_TmrLock
    os_tmr.o(i.OSTmrStateGet) refers to os_tmr.o(i.OS_TmrUnlock) for OS_TmrUnlock
    os_tmr.o(i.OSTmrStateGet) refers to os_var.o(.data) for OSIntNestingCtr
    os_tmr.o(i.OSTmrStop) refers to os_tmr.o(i.OS_TmrLock) for OS_TmrLock
    os_tmr.o(i.OSTmrStop) refers to os_tmr.o(i.OS_TmrUnlink) for OS_TmrUnlink
    os_tmr.o(i.OSTmrStop) refers to os_tmr.o(i.OS_TmrUnlock) for OS_TmrUnlock
    os_tmr.o(i.OSTmrStop) refers to os_var.o(.data) for OSIntNestingCtr
    os_tmr.o(i.OS_TmrDbgListAdd) refers to os_var.o(.data) for OSTmrDbgListPtr
    os_tmr.o(i.OS_TmrDbgListRemove) refers to os_var.o(.data) for OSTmrDbgListPtr
    os_tmr.o(i.OS_TmrInit) refers to os_mutex.o(i.OSMutexCreate) for OSMutexCreate
    os_tmr.o(i.OS_TmrInit) refers to os_task.o(i.OSTaskCreate) for OSTaskCreate
    os_tmr.o(i.OS_TmrInit) refers to os_var.o(.data) for OSTmrDbgListPtr
    os_tmr.o(i.OS_TmrInit) refers to os_cfg_app.o(.constdata) for OSCfg_TmrTaskRate_Hz
    os_tmr.o(i.OS_TmrInit) refers to os_var.o(.bss) for OSTmrMutex
    os_tmr.o(i.OS_TmrInit) refers to os_tmr.o(i.OS_TmrTask) for OS_TmrTask
    os_tmr.o(i.OS_TmrLock) refers to os_mutex.o(i.OSMutexPend) for OSMutexPend
    os_tmr.o(i.OS_TmrLock) refers to os_var.o(.bss) for OSTmrMutex
    os_tmr.o(i.OS_TmrTask) refers to os_task.o(i.OSTaskSemPend) for OSTaskSemPend
    os_tmr.o(i.OS_TmrTask) refers to os_tmr.o(i.OS_TmrLock) for OS_TmrLock
    os_tmr.o(i.OS_TmrTask) refers to cpu_bsp.o(i.CPU_TS_TmrRd) for CPU_TS_TmrRd
    os_tmr.o(i.OS_TmrTask) refers to os_core.o(i.OSSchedLock) for OSSchedLock
    os_tmr.o(i.OS_TmrTask) refers to os_tmr.o(i.OS_TmrUnlink) for OS_TmrUnlink
    os_tmr.o(i.OS_TmrTask) refers to os_core.o(i.OSSchedUnlock) for OSSchedUnlock
    os_tmr.o(i.OS_TmrTask) refers to os_tmr.o(i.OS_TmrUnlock) for OS_TmrUnlock
    os_tmr.o(i.OS_TmrTask) refers to os_var.o(.data) for OSTmrTickCtr
    os_tmr.o(i.OS_TmrUnlink) refers to os_var.o(.data) for OSTmrListPtr
    os_tmr.o(i.OS_TmrUnlock) refers to os_mutex.o(i.OSMutexPost) for OSMutexPost
    os_tmr.o(i.OS_TmrUnlock) refers to os_var.o(.bss) for OSTmrMutex
    os_cpu_a.o(CODE) refers to os_cpu_c.o(.data) for OS_CPU_ExceptStkBase
    os_cpu_a.o(CODE) refers to os_var.o(.data) for OSPrioCur
    os_cpu_a.o(CODE) refers to os_cpu_c.o(i.OSTaskSwHook) for OSTaskSwHook
    os_cpu_c.o(i.OSIdleTaskHook) refers to os_var.o(.data) for OS_AppIdleTaskHookPtr
    os_cpu_c.o(i.OSInitHook) refers to os_cfg_app.o(.constdata) for OSCfg_ISRStkBasePtr
    os_cpu_c.o(i.OSInitHook) refers to os_cpu_c.o(.data) for OS_CPU_ExceptStkBase
    os_cpu_c.o(i.OSStatTaskHook) refers to os_var.o(.data) for OS_AppStatTaskHookPtr
    os_cpu_c.o(i.OSTaskCreateHook) refers to os_var.o(.data) for OS_AppTaskCreateHookPtr
    os_cpu_c.o(i.OSTaskDelHook) refers to os_var.o(.data) for OS_AppTaskDelHookPtr
    os_cpu_c.o(i.OSTaskReturnHook) refers to os_var.o(.data) for OS_AppTaskReturnHookPtr
    os_cpu_c.o(i.OSTaskStkInit) refers to os_task.o(i.OS_TaskReturn) for OS_TaskReturn
    os_cpu_c.o(i.OSTaskSwHook) refers to cpu_bsp.o(i.CPU_TS_TmrRd) for CPU_TS_TmrRd
    os_cpu_c.o(i.OSTaskSwHook) refers to cpu_core.o(i.CPU_IntDisMeasMaxCurReset) for CPU_IntDisMeasMaxCurReset
    os_cpu_c.o(i.OSTaskSwHook) refers to os_var.o(.data) for OS_AppTaskSwHookPtr
    os_cpu_c.o(i.OSTimeTickHook) refers to os_var.o(.data) for OS_AppTimeTickHookPtr
    os_cpu_c.o(i.OS_CPU_SysTickHandler) refers to cpu_a.o(.text) for CPU_SR_Save
    os_cpu_c.o(i.OS_CPU_SysTickHandler) refers to cpu_core.o(i.CPU_IntDisMeasStart) for CPU_IntDisMeasStart
    os_cpu_c.o(i.OS_CPU_SysTickHandler) refers to os_core.o(i.OSIntEnter) for OSIntEnter
    os_cpu_c.o(i.OS_CPU_SysTickHandler) refers to cpu_core.o(i.CPU_IntDisMeasStop) for CPU_IntDisMeasStop
    os_cpu_c.o(i.OS_CPU_SysTickHandler) refers to os_time.o(i.OSTimeTick) for OSTimeTick
    os_cpu_c.o(i.OS_CPU_SysTickHandler) refers to os_core.o(i.OSIntExit) for OSIntExit
    entry.o(.ARM.Collect$$$$00000000) refers (Special) to entry10a.o(.ARM.Collect$$$$0000000D) for __rt_final_cpp
    entry.o(.ARM.Collect$$$$00000000) refers (Special) to entry11a.o(.ARM.Collect$$$$0000000F) for __rt_final_exit
    entry.o(.ARM.Collect$$$$00000000) refers (Special) to entry7b.o(.ARM.Collect$$$$00000008) for _main_clock
    entry.o(.ARM.Collect$$$$00000000) refers (Special) to entry8b.o(.ARM.Collect$$$$0000000A) for _main_cpp_init
    entry.o(.ARM.Collect$$$$00000000) refers (Special) to entry9a.o(.ARM.Collect$$$$0000000B) for _main_init
    entry.o(.ARM.Collect$$$$00000000) refers (Special) to entry5.o(.ARM.Collect$$$$00000004) for _main_scatterload
    entry.o(.ARM.Collect$$$$00000000) refers (Special) to entry2.o(.ARM.Collect$$$$00000001) for _main_stk
    uldiv.o(.text) refers to llushr.o(.text) for __aeabi_llsr
    uldiv.o(.text) refers to llshl.o(.text) for __aeabi_llsl
    ldiv.o(.text) refers to uldiv.o(.text) for __aeabi_uldivmod
    printfb.o(i.__0fprintf$bare) refers to printfb.o(i._printf_core) for _printf_core
    printfb.o(i.__0fprintf$bare) refers to bsp_uart_fifo.o(i.fputc) for fputc
    printfb.o(i.__0printf$bare) refers to printfb.o(i._printf_core) for _printf_core
    printfb.o(i.__0printf$bare) refers to bsp_uart_fifo.o(i.fputc) for fputc
    printfb.o(i.__0printf$bare) refers to stdout.o(.data) for __stdout
    printfb.o(i.__0snprintf$bare) refers to printfb.o(i._printf_core) for _printf_core
    printfb.o(i.__0snprintf$bare) refers to printfb.o(i._snputc) for _snputc
    printfb.o(i.__0sprintf$bare) refers to printfb.o(i._printf_core) for _printf_core
    printfb.o(i.__0sprintf$bare) refers to printfb.o(i._sputc) for _sputc
    printfb.o(i.__0vfprintf$bare) refers to printfb.o(i._printf_core) for _printf_core
    printfb.o(i.__0vfprintf$bare) refers to bsp_uart_fifo.o(i.fputc) for fputc
    printfb.o(i.__0vprintf$bare) refers to printfb.o(i._printf_core) for _printf_core
    printfb.o(i.__0vprintf$bare) refers to bsp_uart_fifo.o(i.fputc) for fputc
    printfb.o(i.__0vprintf$bare) refers to stdout.o(.data) for __stdout
    printfb.o(i.__0vsnprintf$bare) refers to printfb.o(i._printf_core) for _printf_core
    printfb.o(i.__0vsnprintf$bare) refers to printfb.o(i._snputc) for _snputc
    printfb.o(i.__0vsprintf$bare) refers to printfb.o(i._printf_core) for _printf_core
    printfb.o(i.__0vsprintf$bare) refers to printfb.o(i._sputc) for _sputc
    printf0.o(i.__0fprintf$0) refers to printf0.o(i._printf_core) for _printf_core
    printf0.o(i.__0fprintf$0) refers to bsp_uart_fifo.o(i.fputc) for fputc
    printf0.o(i.__0printf$0) refers to printf0.o(i._printf_core) for _printf_core
    printf0.o(i.__0printf$0) refers to bsp_uart_fifo.o(i.fputc) for fputc
    printf0.o(i.__0printf$0) refers to stdout.o(.data) for __stdout
    printf0.o(i.__0snprintf$0) refers to printf0.o(i._printf_core) for _printf_core
    printf0.o(i.__0snprintf$0) refers to printf0.o(i._snputc) for _snputc
    printf0.o(i.__0sprintf$0) refers to printf0.o(i._printf_core) for _printf_core
    printf0.o(i.__0sprintf$0) refers to printf0.o(i._sputc) for _sputc
    printf0.o(i.__0vfprintf$0) refers to printf0.o(i._printf_core) for _printf_core
    printf0.o(i.__0vfprintf$0) refers to bsp_uart_fifo.o(i.fputc) for fputc
    printf0.o(i.__0vprintf$0) refers to printf0.o(i._printf_core) for _printf_core
    printf0.o(i.__0vprintf$0) refers to bsp_uart_fifo.o(i.fputc) for fputc
    printf0.o(i.__0vprintf$0) refers to stdout.o(.data) for __stdout
    printf0.o(i.__0vsnprintf$0) refers to printf0.o(i._printf_core) for _printf_core
    printf0.o(i.__0vsnprintf$0) refers to printf0.o(i._snputc) for _snputc
    printf0.o(i.__0vsprintf$0) refers to printf0.o(i._printf_core) for _printf_core
    printf0.o(i.__0vsprintf$0) refers to printf0.o(i._sputc) for _sputc
    printf1.o(i.__0fprintf$1) refers to printf1.o(i._printf_core) for _printf_core
    printf1.o(i.__0fprintf$1) refers to bsp_uart_fifo.o(i.fputc) for fputc
    printf1.o(i.__0printf$1) refers to printf1.o(i._printf_core) for _printf_core
    printf1.o(i.__0printf$1) refers to bsp_uart_fifo.o(i.fputc) for fputc
    printf1.o(i.__0printf$1) refers to stdout.o(.data) for __stdout
    printf1.o(i.__0snprintf$1) refers to printf1.o(i._printf_core) for _printf_core
    printf1.o(i.__0snprintf$1) refers to printf1.o(i._snputc) for _snputc
    printf1.o(i.__0sprintf$1) refers to printf1.o(i._printf_core) for _printf_core
    printf1.o(i.__0sprintf$1) refers to printf1.o(i._sputc) for _sputc
    printf1.o(i.__0vfprintf$1) refers to printf1.o(i._printf_core) for _printf_core
    printf1.o(i.__0vfprintf$1) refers to bsp_uart_fifo.o(i.fputc) for fputc
    printf1.o(i.__0vprintf$1) refers to printf1.o(i._printf_core) for _printf_core
    printf1.o(i.__0vprintf$1) refers to bsp_uart_fifo.o(i.fputc) for fputc
    printf1.o(i.__0vprintf$1) refers to stdout.o(.data) for __stdout
    printf1.o(i.__0vsnprintf$1) refers to printf1.o(i._printf_core) for _printf_core
    printf1.o(i.__0vsnprintf$1) refers to printf1.o(i._snputc) for _snputc
    printf1.o(i.__0vsprintf$1) refers to printf1.o(i._printf_core) for _printf_core
    printf1.o(i.__0vsprintf$1) refers to printf1.o(i._sputc) for _sputc
    printf1.o(i._printf_core) refers to uidiv.o(.text) for __aeabi_uidivmod
    printf2.o(i.__0fprintf$2) refers to printf2.o(i._printf_core) for _printf_core
    printf2.o(i.__0fprintf$2) refers to bsp_uart_fifo.o(i.fputc) for fputc
    printf2.o(i.__0printf$2) refers to printf2.o(i._printf_core) for _printf_core
    printf2.o(i.__0printf$2) refers to bsp_uart_fifo.o(i.fputc) for fputc
    printf2.o(i.__0printf$2) refers to stdout.o(.data) for __stdout
    printf2.o(i.__0snprintf$2) refers to printf2.o(i._printf_core) for _printf_core
    printf2.o(i.__0snprintf$2) refers to printf2.o(i._snputc) for _snputc
    printf2.o(i.__0sprintf$2) refers to printf2.o(i._printf_core) for _printf_core
    printf2.o(i.__0sprintf$2) refers to printf2.o(i._sputc) for _sputc
    printf2.o(i.__0vfprintf$2) refers to printf2.o(i._printf_core) for _printf_core
    printf2.o(i.__0vfprintf$2) refers to bsp_uart_fifo.o(i.fputc) for fputc
    printf2.o(i.__0vprintf$2) refers to printf2.o(i._printf_core) for _printf_core
    printf2.o(i.__0vprintf$2) refers to bsp_uart_fifo.o(i.fputc) for fputc
    printf2.o(i.__0vprintf$2) refers to stdout.o(.data) for __stdout
    printf2.o(i.__0vsnprintf$2) refers to printf2.o(i._printf_core) for _printf_core
    printf2.o(i.__0vsnprintf$2) refers to printf2.o(i._snputc) for _snputc
    printf2.o(i.__0vsprintf$2) refers to printf2.o(i._printf_core) for _printf_core
    printf2.o(i.__0vsprintf$2) refers to printf2.o(i._sputc) for _sputc
    printf3.o(i.__0fprintf$3) refers to printf3.o(i._printf_core) for _printf_core
    printf3.o(i.__0fprintf$3) refers to bsp_uart_fifo.o(i.fputc) for fputc
    printf3.o(i.__0printf$3) refers to printf3.o(i._printf_core) for _printf_core
    printf3.o(i.__0printf$3) refers to bsp_uart_fifo.o(i.fputc) for fputc
    printf3.o(i.__0printf$3) refers to stdout.o(.data) for __stdout
    printf3.o(i.__0snprintf$3) refers to printf3.o(i._printf_core) for _printf_core
    printf3.o(i.__0snprintf$3) refers to printf3.o(i._snputc) for _snputc
    printf3.o(i.__0sprintf$3) refers to printf3.o(i._printf_core) for _printf_core
    printf3.o(i.__0sprintf$3) refers to printf3.o(i._sputc) for _sputc
    printf3.o(i.__0vfprintf$3) refers to printf3.o(i._printf_core) for _printf_core
    printf3.o(i.__0vfprintf$3) refers to bsp_uart_fifo.o(i.fputc) for fputc
    printf3.o(i.__0vprintf$3) refers to printf3.o(i._printf_core) for _printf_core
    printf3.o(i.__0vprintf$3) refers to bsp_uart_fifo.o(i.fputc) for fputc
    printf3.o(i.__0vprintf$3) refers to stdout.o(.data) for __stdout
    printf3.o(i.__0vsnprintf$3) refers to printf3.o(i._printf_core) for _printf_core
    printf3.o(i.__0vsnprintf$3) refers to printf3.o(i._snputc) for _snputc
    printf3.o(i.__0vsprintf$3) refers to printf3.o(i._printf_core) for _printf_core
    printf3.o(i.__0vsprintf$3) refers to printf3.o(i._sputc) for _sputc
    printf3.o(i._printf_core) refers to uidiv.o(.text) for __aeabi_uidivmod
    printf4.o(i.__0fprintf$4) refers to printf4.o(i._printf_core) for _printf_core
    printf4.o(i.__0fprintf$4) refers to bsp_uart_fifo.o(i.fputc) for fputc
    printf4.o(i.__0printf$4) refers to printf4.o(i._printf_core) for _printf_core
    printf4.o(i.__0printf$4) refers to bsp_uart_fifo.o(i.fputc) for fputc
    printf4.o(i.__0printf$4) refers to stdout.o(.data) for __stdout
    printf4.o(i.__0snprintf$4) refers to printf4.o(i._printf_core) for _printf_core
    printf4.o(i.__0snprintf$4) refers to printf4.o(i._snputc) for _snputc
    printf4.o(i.__0sprintf$4) refers to printf4.o(i._printf_core) for _printf_core
    printf4.o(i.__0sprintf$4) refers to printf4.o(i._sputc) for _sputc
    printf4.o(i.__0vfprintf$4) refers to printf4.o(i._printf_core) for _printf_core
    printf4.o(i.__0vfprintf$4) refers to bsp_uart_fifo.o(i.fputc) for fputc
    printf4.o(i.__0vprintf$4) refers to printf4.o(i._printf_core) for _printf_core
    printf4.o(i.__0vprintf$4) refers to bsp_uart_fifo.o(i.fputc) for fputc
    printf4.o(i.__0vprintf$4) refers to stdout.o(.data) for __stdout
    printf4.o(i.__0vsnprintf$4) refers to printf4.o(i._printf_core) for _printf_core
    printf4.o(i.__0vsnprintf$4) refers to printf4.o(i._snputc) for _snputc
    printf4.o(i.__0vsprintf$4) refers to printf4.o(i._printf_core) for _printf_core
    printf4.o(i.__0vsprintf$4) refers to printf4.o(i._sputc) for _sputc
    printf4.o(i._printf_core) refers to uldiv.o(.text) for __aeabi_uldivmod
    printf5.o(i.__0fprintf$5) refers to printf5.o(i._printf_core) for _printf_core
    printf5.o(i.__0fprintf$5) refers to bsp_uart_fifo.o(i.fputc) for fputc
    printf5.o(i.__0printf$5) refers to printf5.o(i._printf_core) for _printf_core
    printf5.o(i.__0printf$5) refers to bsp_uart_fifo.o(i.fputc) for fputc
    printf5.o(i.__0printf$5) refers to stdout.o(.data) for __stdout
    printf5.o(i.__0snprintf$5) refers to printf5.o(i._printf_core) for _printf_core
    printf5.o(i.__0snprintf$5) refers to printf5.o(i._snputc) for _snputc
    printf5.o(i.__0sprintf$5) refers to printf5.o(i._printf_core) for _printf_core
    printf5.o(i.__0sprintf$5) refers to printf5.o(i._sputc) for _sputc
    printf5.o(i.__0vfprintf$5) refers to printf5.o(i._printf_core) for _printf_core
    printf5.o(i.__0vfprintf$5) refers to bsp_uart_fifo.o(i.fputc) for fputc
    printf5.o(i.__0vprintf$5) refers to printf5.o(i._printf_core) for _printf_core
    printf5.o(i.__0vprintf$5) refers to bsp_uart_fifo.o(i.fputc) for fputc
    printf5.o(i.__0vprintf$5) refers to stdout.o(.data) for __stdout
    printf5.o(i.__0vsnprintf$5) refers to printf5.o(i._printf_core) for _printf_core
    printf5.o(i.__0vsnprintf$5) refers to printf5.o(i._snputc) for _snputc
    printf5.o(i.__0vsprintf$5) refers to printf5.o(i._printf_core) for _printf_core
    printf5.o(i.__0vsprintf$5) refers to printf5.o(i._sputc) for _sputc
    printf5.o(i._printf_core) refers to uldiv.o(.text) for __aeabi_uldivmod
    printf6.o(i.__0fprintf$6) refers to printf6.o(i._printf_core) for _printf_core
    printf6.o(i.__0fprintf$6) refers to bsp_uart_fifo.o(i.fputc) for fputc
    printf6.o(i.__0printf$6) refers to printf6.o(i._printf_core) for _printf_core
    printf6.o(i.__0printf$6) refers to bsp_uart_fifo.o(i.fputc) for fputc
    printf6.o(i.__0printf$6) refers to stdout.o(.data) for __stdout
    printf6.o(i.__0snprintf$6) refers to printf6.o(i._printf_core) for _printf_core
    printf6.o(i.__0snprintf$6) refers to printf6.o(i._snputc) for _snputc
    printf6.o(i.__0sprintf$6) refers to printf6.o(i._printf_core) for _printf_core
    printf6.o(i.__0sprintf$6) refers to printf6.o(i._sputc) for _sputc
    printf6.o(i.__0vfprintf$6) refers to printf6.o(i._printf_core) for _printf_core
    printf6.o(i.__0vfprintf$6) refers to bsp_uart_fifo.o(i.fputc) for fputc
    printf6.o(i.__0vprintf$6) refers to printf6.o(i._printf_core) for _printf_core
    printf6.o(i.__0vprintf$6) refers to bsp_uart_fifo.o(i.fputc) for fputc
    printf6.o(i.__0vprintf$6) refers to stdout.o(.data) for __stdout
    printf6.o(i.__0vsnprintf$6) refers to printf6.o(i._printf_core) for _printf_core
    printf6.o(i.__0vsnprintf$6) refers to printf6.o(i._snputc) for _snputc
    printf6.o(i.__0vsprintf$6) refers to printf6.o(i._printf_core) for _printf_core
    printf6.o(i.__0vsprintf$6) refers to printf6.o(i._sputc) for _sputc
    printf6.o(i._printf_core) refers to printf6.o(i._printf_pre_padding) for _printf_pre_padding
    printf6.o(i._printf_core) refers to uidiv.o(.text) for __aeabi_uidivmod
    printf6.o(i._printf_core) refers to printf6.o(i._printf_post_padding) for _printf_post_padding
    printf7.o(i.__0fprintf$7) refers to printf7.o(i._printf_core) for _printf_core
    printf7.o(i.__0fprintf$7) refers to bsp_uart_fifo.o(i.fputc) for fputc
    printf7.o(i.__0printf$7) refers to printf7.o(i._printf_core) for _printf_core
    printf7.o(i.__0printf$7) refers to bsp_uart_fifo.o(i.fputc) for fputc
    printf7.o(i.__0printf$7) refers to stdout.o(.data) for __stdout
    printf7.o(i.__0snprintf$7) refers to printf7.o(i._printf_core) for _printf_core
    printf7.o(i.__0snprintf$7) refers to printf7.o(i._snputc) for _snputc
    printf7.o(i.__0sprintf$7) refers to printf7.o(i._printf_core) for _printf_core
    printf7.o(i.__0sprintf$7) refers to printf7.o(i._sputc) for _sputc
    printf7.o(i.__0vfprintf$7) refers to printf7.o(i._printf_core) for _printf_core
    printf7.o(i.__0vfprintf$7) refers to bsp_uart_fifo.o(i.fputc) for fputc
    printf7.o(i.__0vprintf$7) refers to printf7.o(i._printf_core) for _printf_core
    printf7.o(i.__0vprintf$7) refers to bsp_uart_fifo.o(i.fputc) for fputc
    printf7.o(i.__0vprintf$7) refers to stdout.o(.data) for __stdout
    printf7.o(i.__0vsnprintf$7) refers to printf7.o(i._printf_core) for _printf_core
    printf7.o(i.__0vsnprintf$7) refers to printf7.o(i._snputc) for _snputc
    printf7.o(i.__0vsprintf$7) refers to printf7.o(i._printf_core) for _printf_core
    printf7.o(i.__0vsprintf$7) refers to printf7.o(i._sputc) for _sputc
    printf7.o(i._printf_core) refers to printf7.o(i._printf_pre_padding) for _printf_pre_padding
    printf7.o(i._printf_core) refers to uldiv.o(.text) for __aeabi_uldivmod
    printf7.o(i._printf_core) refers to printf7.o(i._printf_post_padding) for _printf_post_padding
    printf8.o(i.__0fprintf$8) refers to printf8.o(i._printf_core) for _printf_core
    printf8.o(i.__0fprintf$8) refers to bsp_uart_fifo.o(i.fputc) for fputc
    printf8.o(i.__0printf$8) refers to printf8.o(i._printf_core) for _printf_core
    printf8.o(i.__0printf$8) refers to bsp_uart_fifo.o(i.fputc) for fputc
    printf8.o(i.__0printf$8) refers to stdout.o(.data) for __stdout
    printf8.o(i.__0snprintf$8) refers to printf8.o(i._printf_core) for _printf_core
    printf8.o(i.__0snprintf$8) refers to printf8.o(i._snputc) for _snputc
    printf8.o(i.__0sprintf$8) refers to printf8.o(i._printf_core) for _printf_core
    printf8.o(i.__0sprintf$8) refers to printf8.o(i._sputc) for _sputc
    printf8.o(i.__0vfprintf$8) refers to printf8.o(i._printf_core) for _printf_core
    printf8.o(i.__0vfprintf$8) refers to bsp_uart_fifo.o(i.fputc) for fputc
    printf8.o(i.__0vprintf$8) refers to printf8.o(i._printf_core) for _printf_core
    printf8.o(i.__0vprintf$8) refers to bsp_uart_fifo.o(i.fputc) for fputc
    printf8.o(i.__0vprintf$8) refers to stdout.o(.data) for __stdout
    printf8.o(i.__0vsnprintf$8) refers to printf8.o(i._printf_core) for _printf_core
    printf8.o(i.__0vsnprintf$8) refers to printf8.o(i._snputc) for _snputc
    printf8.o(i.__0vsprintf$8) refers to printf8.o(i._printf_core) for _printf_core
    printf8.o(i.__0vsprintf$8) refers to printf8.o(i._sputc) for _sputc
    printf8.o(i._printf_core) refers to printf8.o(i._printf_pre_padding) for _printf_pre_padding
    printf8.o(i._printf_core) refers to uldiv.o(.text) for __aeabi_uldivmod
    printf8.o(i._printf_core) refers to printf8.o(i._printf_post_padding) for _printf_post_padding
    printfa.o(i.__0fprintf) refers (Special) to iusefp.o(.text) for __I$use$fp
    printfa.o(i.__0fprintf) refers to printfa.o(i._printf_core) for _printf_core
    printfa.o(i.__0fprintf) refers to bsp_uart_fifo.o(i.fputc) for fputc
    printfa.o(i.__0printf) refers (Special) to iusefp.o(.text) for __I$use$fp
    printfa.o(i.__0printf) refers to printfa.o(i._printf_core) for _printf_core
    printfa.o(i.__0printf) refers to bsp_uart_fifo.o(i.fputc) for fputc
    printfa.o(i.__0printf) refers to stdout.o(.data) for __stdout
    printfa.o(i.__0snprintf) refers (Special) to iusefp.o(.text) for __I$use$fp
    printfa.o(i.__0snprintf) refers to printfa.o(i._printf_core) for _printf_core
    printfa.o(i.__0snprintf) refers to printfa.o(i._snputc) for _snputc
    printfa.o(i.__0sprintf) refers (Special) to iusefp.o(.text) for __I$use$fp
    printfa.o(i.__0sprintf) refers to printfa.o(i._printf_core) for _printf_core
    printfa.o(i.__0sprintf) refers to printfa.o(i._sputc) for _sputc
    printfa.o(i.__0vfprintf) refers (Special) to iusefp.o(.text) for __I$use$fp
    printfa.o(i.__0vfprintf) refers to printfa.o(i._printf_core) for _printf_core
    printfa.o(i.__0vfprintf) refers to bsp_uart_fifo.o(i.fputc) for fputc
    printfa.o(i.__0vprintf) refers (Special) to iusefp.o(.text) for __I$use$fp
    printfa.o(i.__0vprintf) refers to printfa.o(i._printf_core) for _printf_core
    printfa.o(i.__0vprintf) refers to bsp_uart_fifo.o(i.fputc) for fputc
    printfa.o(i.__0vprintf) refers to stdout.o(.data) for __stdout
    printfa.o(i.__0vsnprintf) refers (Special) to iusefp.o(.text) for __I$use$fp
    printfa.o(i.__0vsnprintf) refers to printfa.o(i._printf_core) for _printf_core
    printfa.o(i.__0vsnprintf) refers to printfa.o(i._snputc) for _snputc
    printfa.o(i.__0vsprintf) refers (Special) to iusefp.o(.text) for __I$use$fp
    printfa.o(i.__0vsprintf) refers to printfa.o(i._printf_core) for _printf_core
    printfa.o(i.__0vsprintf) refers to printfa.o(i._sputc) for _sputc
    printfa.o(i._fp_digits) refers (Special) to iusefp.o(.text) for __I$use$fp
    printfa.o(i._fp_digits) refers to dmul.o(.text) for __aeabi_dmul
    printfa.o(i._fp_digits) refers to ddiv.o(.text) for __aeabi_ddiv
    printfa.o(i._fp_digits) refers to cdrcmple.o(.text) for __aeabi_cdrcmple
    printfa.o(i._fp_digits) refers to dadd.o(.text) for __aeabi_dadd
    printfa.o(i._fp_digits) refers to dfixul.o(.text) for __aeabi_d2ulz
    printfa.o(i._fp_digits) refers to uldiv.o(.text) for __aeabi_uldivmod
    printfa.o(i._printf_core) refers (Special) to iusefp.o(.text) for __I$use$fp
    printfa.o(i._printf_core) refers to printfa.o(i._printf_pre_padding) for _printf_pre_padding
    printfa.o(i._printf_core) refers to uldiv.o(.text) for __aeabi_uldivmod
    printfa.o(i._printf_core) refers to printfa.o(i._printf_post_padding) for _printf_post_padding
    printfa.o(i._printf_core) refers to printfa.o(i._fp_digits) for _fp_digits
    printfa.o(i._printf_core) refers to uidiv.o(.text) for __aeabi_uidivmod
    printfa.o(i._printf_post_padding) refers (Special) to iusefp.o(.text) for __I$use$fp
    printfa.o(i._printf_pre_padding) refers (Special) to iusefp.o(.text) for __I$use$fp
    printfa.o(i._snputc) refers (Special) to iusefp.o(.text) for __I$use$fp
    printfa.o(i._sputc) refers (Special) to iusefp.o(.text) for __I$use$fp
    fadd.o(.text) refers (Special) to iusefp.o(.text) for __I$use$fp
    fadd.o(.text) refers to fepilogue.o(.text) for _float_epilogue
    fmul.o(.text) refers (Special) to iusefp.o(.text) for __I$use$fp
    fdiv.o(.text) refers (Special) to iusefp.o(.text) for __I$use$fp
    fdiv.o(.text) refers to fepilogue.o(.text) for _float_round
    dadd.o(.text) refers (Special) to iusefp.o(.text) for __I$use$fp
    dadd.o(.text) refers to llshl.o(.text) for __aeabi_llsl
    dadd.o(.text) refers to llsshr.o(.text) for __aeabi_lasr
    dadd.o(.text) refers to depilogue.o(.text) for _double_epilogue
    dmul.o(.text) refers (Special) to iusefp.o(.text) for __I$use$fp
    dmul.o(.text) refers to depilogue.o(.text) for _double_epilogue
    ddiv.o(.text) refers (Special) to iusefp.o(.text) for __I$use$fp
    ddiv.o(.text) refers to depilogue.o(.text) for _double_round
    fflti.o(.text) refers (Special) to iusefp.o(.text) for __I$use$fp
    fflti.o(.text) refers to fepilogue.o(.text) for _float_epilogue
    ffltui.o(.text) refers (Special) to iusefp.o(.text) for __I$use$fp
    ffltui.o(.text) refers to fepilogue.o(.text) for _float_epilogue
    dfltui.o(.text) refers (Special) to iusefp.o(.text) for __I$use$fp
    dfltui.o(.text) refers to depilogue.o(.text) for _double_epilogue
    dfixui.o(.text) refers (Special) to iusefp.o(.text) for __I$use$fp
    dfixui.o(.text) refers to llushr.o(.text) for __aeabi_llsr
    f2d.o(.text) refers (Special) to iusefp.o(.text) for __I$use$fp
    d2f.o(.text) refers (Special) to iusefp.o(.text) for __I$use$fp
    d2f.o(.text) refers to fepilogue.o(.text) for _float_round
    cfrcmple.o(.text) refers (Special) to iusefp.o(.text) for __I$use$fp
    entry2.o(.ARM.Collect$$$$00000001) refers to entry2.o(.ARM.Collect$$$$00002712) for __lit__00000000
    entry2.o(.ARM.Collect$$$$00002712) refers to startup_stm32f10x_hd.o(STACK) for __initial_sp
    entry2.o(__vectab_stack_and_reset_area) refers to startup_stm32f10x_hd.o(STACK) for __initial_sp
    entry2.o(__vectab_stack_and_reset_area) refers to entry.o(.ARM.Collect$$$$00000000) for __main
    entry5.o(.ARM.Collect$$$$00000004) refers to init.o(.text) for __scatterload
    entry9a.o(.ARM.Collect$$$$0000000B) refers to app.o(i.main) for main
    entry9b.o(.ARM.Collect$$$$0000000C) refers to app.o(i.main) for main
    depilogue.o(.text) refers to llshl.o(.text) for __aeabi_llsl
    depilogue.o(.text) refers to llushr.o(.text) for __aeabi_llsr
    dfixul.o(.text) refers to llushr.o(.text) for __aeabi_llsr
    dfixul.o(.text) refers to llshl.o(.text) for __aeabi_llsl
    init.o(.text) refers to entry5.o(.ARM.Collect$$$$00000004) for __main_after_scatterload


==============================================================================

Removing Unused input sections from the image.

    Removing app.o(.rev16_text), (4 bytes).
    Removing app.o(.revsh_text), (4 bytes).
    Removing app.o(i.DispTaskInfo), (344 bytes).
    Removing app.o(.conststring), (66 bytes).
    Removing cpu_bsp.o(i.CPU_TS32_to_uSec), (60 bytes).
    Removing os_app_hooks.o(i.App_OS_ClrAllHooks), (100 bytes).
    Removing os_app_hooks.o(i.App_OS_IdleTaskHook), (2 bytes).
    Removing os_app_hooks.o(i.App_OS_SetAllHooks), (140 bytes).
    Removing os_app_hooks.o(i.App_OS_StatTaskHook), (2 bytes).
    Removing os_app_hooks.o(i.App_OS_TaskCreateHook), (2 bytes).
    Removing os_app_hooks.o(i.App_OS_TaskDelHook), (2 bytes).
    Removing os_app_hooks.o(i.App_OS_TaskReturnHook), (2 bytes).
    Removing os_app_hooks.o(i.App_OS_TaskSwHook), (2 bytes).
    Removing os_app_hooks.o(i.App_OS_TimeTickHook), (2 bytes).
    Removing bsp.o(.rev16_text), (4 bytes).
    Removing bsp.o(.revsh_text), (4 bytes).
    Removing bsp_key.o(.rev16_text), (4 bytes).
    Removing bsp_key.o(.revsh_text), (4 bytes).
    Removing bsp_key.o(i.bsp_ClearKey), (16 bytes).
    Removing bsp_key.o(i.bsp_GetKey), (52 bytes).
    Removing bsp_key.o(i.bsp_GetKey2), (52 bytes).
    Removing bsp_key.o(i.bsp_GetKeyState), (16 bytes).
    Removing bsp_key.o(i.bsp_SetKeyParam), (36 bytes).
    Removing bsp_led.o(.rev16_text), (4 bytes).
    Removing bsp_led.o(.revsh_text), (4 bytes).
    Removing bsp_led.o(i.bsp_IsLedOn), (100 bytes).
    Removing bsp_led.o(i.bsp_LedOn), (60 bytes).
    Removing bsp_uart_fifo.o(.rev16_text), (4 bytes).
    Removing bsp_uart_fifo.o(.revsh_text), (4 bytes).
    Removing bsp_uart_fifo.o(i.ComToUart), (48 bytes).
    Removing bsp_uart_fifo.o(i.RS485_ReciveNew), (2 bytes).
    Removing bsp_uart_fifo.o(i.RS485_SendBefor), (12 bytes).
    Removing bsp_uart_fifo.o(i.RS485_SendBuf), (18 bytes).
    Removing bsp_uart_fifo.o(i.RS485_SendOver), (12 bytes).
    Removing bsp_uart_fifo.o(i.RS485_SendStr), (22 bytes).
    Removing bsp_uart_fifo.o(i.UartGetChar), (128 bytes).
    Removing bsp_uart_fifo.o(i.UartSend), (170 bytes).
    Removing bsp_uart_fifo.o(i.bsp_Set485Baud), (44 bytes).
    Removing bsp_uart_fifo.o(i.bsp_SetUart1Baud), (44 bytes).
    Removing bsp_uart_fifo.o(i.bsp_SetUart2Baud), (44 bytes).
    Removing bsp_uart_fifo.o(i.comClearRxFifo), (28 bytes).
    Removing bsp_uart_fifo.o(i.comClearTxFifo), (28 bytes).
    Removing bsp_uart_fifo.o(i.comGetChar), (30 bytes).
    Removing bsp_uart_fifo.o(i.comSendBuf), (46 bytes).
    Removing bsp_uart_fifo.o(i.comSendChar), (16 bytes).
    Removing bsp_uart_fifo.o(i.fgetc), (24 bytes).
    Removing bsp_user_lib.o(.rev16_text), (4 bytes).
    Removing bsp_user_lib.o(.revsh_text), (4 bytes).
    Removing bsp_user_lib.o(i.AsciiToUint32), (356 bytes).
    Removing bsp_user_lib.o(i.BEBufToUint16), (12 bytes).
    Removing bsp_user_lib.o(i.BEBufToUint32), (24 bytes).
    Removing bsp_user_lib.o(i.BcdToChar), (30 bytes).
    Removing bsp_user_lib.o(i.CRC16_Modbus), (56 bytes).
    Removing bsp_user_lib.o(i.CaculTwoPoint), (50 bytes).
    Removing bsp_user_lib.o(i.HexToAscll), (74 bytes).
    Removing bsp_user_lib.o(i.LEBufToUint16), (12 bytes).
    Removing bsp_user_lib.o(i.LEBufToUint32), (24 bytes).
    Removing bsp_user_lib.o(i.int_to_str), (124 bytes).
    Removing bsp_user_lib.o(i.mem_set), (18 bytes).
    Removing bsp_user_lib.o(i.str_cmp), (32 bytes).
    Removing bsp_user_lib.o(i.str_cpy), (18 bytes).
    Removing bsp_user_lib.o(i.str_len), (18 bytes).
    Removing bsp_user_lib.o(i.str_to_int), (84 bytes).
    Removing bsp_user_lib.o(.constdata), (512 bytes).
    Removing stm32f10x_it.o(.rev16_text), (4 bytes).
    Removing stm32f10x_it.o(.revsh_text), (4 bytes).
    Removing stm32f10x_it.o(i.PendSV_Handler), (2 bytes).
    Removing stm32f10x_assert.o(.rev16_text), (4 bytes).
    Removing stm32f10x_assert.o(.revsh_text), (4 bytes).
    Removing bsp_att7022eu.o(.rev16_text), (4 bytes).
    Removing bsp_att7022eu.o(.revsh_text), (4 bytes).
    Removing bsp_att7022eu.o(i.EMU_init), (312 bytes).
    Removing bsp_att7022eu.o(i.InitAmmeter), (32 bytes).
    Removing bsp_att7022eu.o(i.ReadAmmeterData), (2152 bytes).
    Removing bsp_att7022eu.o(i.Write_Att7022), (232 bytes).
    Removing bsp_att7022eu.o(i.bsp_InitAtt7022euHard), (116 bytes).
    Removing bsp_att7022eu.o(i.bsp_ReadAtt7022), (204 bytes).
    Removing bsp_att7022eu.o(i.bsp_spiDelay), (14 bytes).
    Removing bsp_att7022eu.o(.data), (117 bytes).
    Removing bsp_nb73.o(.rev16_text), (4 bytes).
    Removing bsp_nb73.o(.revsh_text), (4 bytes).
    Removing startup_stm32f10x_hd.o(HEAP), (512 bytes).
    Removing misc.o(.rev16_text), (4 bytes).
    Removing misc.o(.revsh_text), (4 bytes).
    Removing misc.o(i.NVIC_SetVectorTable), (20 bytes).
    Removing misc.o(i.NVIC_SystemLPConfig), (32 bytes).
    Removing misc.o(i.SysTick_CLKSourceConfig), (40 bytes).
    Removing stm32f10x_bkp.o(.rev16_text), (4 bytes).
    Removing stm32f10x_bkp.o(.revsh_text), (4 bytes).
    Removing stm32f10x_bkp.o(i.BKP_ClearFlag), (20 bytes).
    Removing stm32f10x_bkp.o(i.BKP_ClearITPendingBit), (20 bytes).
    Removing stm32f10x_bkp.o(i.BKP_DeInit), (16 bytes).
    Removing stm32f10x_bkp.o(i.BKP_GetFlagStatus), (12 bytes).
    Removing stm32f10x_bkp.o(i.BKP_GetITStatus), (12 bytes).
    Removing stm32f10x_bkp.o(i.BKP_ITConfig), (12 bytes).
    Removing stm32f10x_bkp.o(i.BKP_RTCOutputConfig), (28 bytes).
    Removing stm32f10x_bkp.o(i.BKP_ReadBackupRegister), (28 bytes).
    Removing stm32f10x_bkp.o(i.BKP_SetRTCCalibrationValue), (28 bytes).
    Removing stm32f10x_bkp.o(i.BKP_TamperPinCmd), (12 bytes).
    Removing stm32f10x_bkp.o(i.BKP_TamperPinLevelConfig), (12 bytes).
    Removing stm32f10x_bkp.o(i.BKP_WriteBackupRegister), (28 bytes).
    Removing stm32f10x_exti.o(.rev16_text), (4 bytes).
    Removing stm32f10x_exti.o(.revsh_text), (4 bytes).
    Removing stm32f10x_exti.o(i.EXTI_ClearFlag), (12 bytes).
    Removing stm32f10x_exti.o(i.EXTI_ClearITPendingBit), (12 bytes).
    Removing stm32f10x_exti.o(i.EXTI_DeInit), (36 bytes).
    Removing stm32f10x_exti.o(i.EXTI_GenerateSWInterrupt), (16 bytes).
    Removing stm32f10x_exti.o(i.EXTI_GetFlagStatus), (24 bytes).
    Removing stm32f10x_exti.o(i.EXTI_GetITStatus), (40 bytes).
    Removing stm32f10x_exti.o(i.EXTI_Init), (148 bytes).
    Removing stm32f10x_exti.o(i.EXTI_StructInit), (16 bytes).
    Removing stm32f10x_gpio.o(.rev16_text), (4 bytes).
    Removing stm32f10x_gpio.o(.revsh_text), (4 bytes).
    Removing stm32f10x_gpio.o(i.GPIO_AFIODeInit), (20 bytes).
    Removing stm32f10x_gpio.o(i.GPIO_DeInit), (200 bytes).
    Removing stm32f10x_gpio.o(i.GPIO_ETH_MediaInterfaceConfig), (12 bytes).
    Removing stm32f10x_gpio.o(i.GPIO_EXTILineConfig), (64 bytes).
    Removing stm32f10x_gpio.o(i.GPIO_EventOutputCmd), (12 bytes).
    Removing stm32f10x_gpio.o(i.GPIO_EventOutputConfig), (32 bytes).
    Removing stm32f10x_gpio.o(i.GPIO_PinLockConfig), (18 bytes).
    Removing stm32f10x_gpio.o(i.GPIO_PinRemapConfig), (144 bytes).
    Removing stm32f10x_gpio.o(i.GPIO_ReadInputData), (8 bytes).
    Removing stm32f10x_gpio.o(i.GPIO_ReadInputDataBit), (18 bytes).
    Removing stm32f10x_gpio.o(i.GPIO_ReadOutputData), (8 bytes).
    Removing stm32f10x_gpio.o(i.GPIO_ReadOutputDataBit), (18 bytes).
    Removing stm32f10x_gpio.o(i.GPIO_ResetBits), (4 bytes).
    Removing stm32f10x_gpio.o(i.GPIO_SetBits), (4 bytes).
    Removing stm32f10x_gpio.o(i.GPIO_StructInit), (16 bytes).
    Removing stm32f10x_gpio.o(i.GPIO_Write), (4 bytes).
    Removing stm32f10x_gpio.o(i.GPIO_WriteBit), (10 bytes).
    Removing stm32f10x_pwr.o(.rev16_text), (4 bytes).
    Removing stm32f10x_pwr.o(.revsh_text), (4 bytes).
    Removing stm32f10x_pwr.o(i.PWR_BackupAccessCmd), (12 bytes).
    Removing stm32f10x_pwr.o(i.PWR_ClearFlag), (20 bytes).
    Removing stm32f10x_pwr.o(i.PWR_DeInit), (22 bytes).
    Removing stm32f10x_pwr.o(i.PWR_EnterSTANDBYMode), (52 bytes).
    Removing stm32f10x_pwr.o(i.PWR_EnterSTOPMode), (64 bytes).
    Removing stm32f10x_pwr.o(i.PWR_GetFlagStatus), (24 bytes).
    Removing stm32f10x_pwr.o(i.PWR_PVDCmd), (12 bytes).
    Removing stm32f10x_pwr.o(i.PWR_PVDLevelConfig), (24 bytes).
    Removing stm32f10x_pwr.o(i.PWR_WakeUpPinCmd), (12 bytes).
    Removing stm32f10x_rcc.o(.rev16_text), (4 bytes).
    Removing stm32f10x_rcc.o(.revsh_text), (4 bytes).
    Removing stm32f10x_rcc.o(i.RCC_ADCCLKConfig), (24 bytes).
    Removing stm32f10x_rcc.o(i.RCC_AHBPeriphClockCmd), (32 bytes).
    Removing stm32f10x_rcc.o(i.RCC_APB1PeriphClockCmd), (32 bytes).
    Removing stm32f10x_rcc.o(i.RCC_APB1PeriphResetCmd), (32 bytes).
    Removing stm32f10x_rcc.o(i.RCC_APB2PeriphResetCmd), (32 bytes).
    Removing stm32f10x_rcc.o(i.RCC_AdjustHSICalibrationValue), (24 bytes).
    Removing stm32f10x_rcc.o(i.RCC_BackupResetCmd), (12 bytes).
    Removing stm32f10x_rcc.o(i.RCC_ClearFlag), (20 bytes).
    Removing stm32f10x_rcc.o(i.RCC_ClearITPendingBit), (12 bytes).
    Removing stm32f10x_rcc.o(i.RCC_ClockSecuritySystemCmd), (12 bytes).
    Removing stm32f10x_rcc.o(i.RCC_DeInit), (76 bytes).
    Removing stm32f10x_rcc.o(i.RCC_GetFlagStatus), (60 bytes).
    Removing stm32f10x_rcc.o(i.RCC_GetITStatus), (24 bytes).
    Removing stm32f10x_rcc.o(i.RCC_GetSYSCLKSource), (16 bytes).
    Removing stm32f10x_rcc.o(i.RCC_HCLKConfig), (24 bytes).
    Removing stm32f10x_rcc.o(i.RCC_HSEConfig), (76 bytes).
    Removing stm32f10x_rcc.o(i.RCC_HSICmd), (12 bytes).
    Removing stm32f10x_rcc.o(i.RCC_ITConfig), (32 bytes).
    Removing stm32f10x_rcc.o(i.RCC_LSEConfig), (52 bytes).
    Removing stm32f10x_rcc.o(i.RCC_LSICmd), (12 bytes).
    Removing stm32f10x_rcc.o(i.RCC_MCOConfig), (12 bytes).
    Removing stm32f10x_rcc.o(i.RCC_PCLK1Config), (24 bytes).
    Removing stm32f10x_rcc.o(i.RCC_PCLK2Config), (24 bytes).
    Removing stm32f10x_rcc.o(i.RCC_PLLCmd), (12 bytes).
    Removing stm32f10x_rcc.o(i.RCC_PLLConfig), (28 bytes).
    Removing stm32f10x_rcc.o(i.RCC_RTCCLKCmd), (12 bytes).
    Removing stm32f10x_rcc.o(i.RCC_RTCCLKConfig), (16 bytes).
    Removing stm32f10x_rcc.o(i.RCC_SYSCLKConfig), (24 bytes).
    Removing stm32f10x_rcc.o(i.RCC_USBCLKConfig), (12 bytes).
    Removing stm32f10x_rcc.o(i.RCC_WaitForHSEStartUp), (56 bytes).
    Removing stm32f10x_usart.o(.rev16_text), (4 bytes).
    Removing stm32f10x_usart.o(.revsh_text), (4 bytes).
    Removing stm32f10x_usart.o(i.USART_ClearITPendingBit), (30 bytes).
    Removing stm32f10x_usart.o(i.USART_ClockInit), (34 bytes).
    Removing stm32f10x_usart.o(i.USART_ClockStructInit), (12 bytes).
    Removing stm32f10x_usart.o(i.USART_DMACmd), (18 bytes).
    Removing stm32f10x_usart.o(i.USART_DeInit), (156 bytes).
    Removing stm32f10x_usart.o(i.USART_HalfDuplexCmd), (24 bytes).
    Removing stm32f10x_usart.o(i.USART_IrDACmd), (24 bytes).
    Removing stm32f10x_usart.o(i.USART_IrDAConfig), (18 bytes).
    Removing stm32f10x_usart.o(i.USART_LINBreakDetectLengthConfig), (18 bytes).
    Removing stm32f10x_usart.o(i.USART_LINCmd), (24 bytes).
    Removing stm32f10x_usart.o(i.USART_OneBitMethodCmd), (24 bytes).
    Removing stm32f10x_usart.o(i.USART_OverSampling8Cmd), (22 bytes).
    Removing stm32f10x_usart.o(i.USART_ReceiverWakeUpCmd), (24 bytes).
    Removing stm32f10x_usart.o(i.USART_SendBreak), (10 bytes).
    Removing stm32f10x_usart.o(i.USART_SetAddress), (18 bytes).
    Removing stm32f10x_usart.o(i.USART_SetGuardTime), (16 bytes).
    Removing stm32f10x_usart.o(i.USART_SetPrescaler), (16 bytes).
    Removing stm32f10x_usart.o(i.USART_SmartCardCmd), (24 bytes).
    Removing stm32f10x_usart.o(i.USART_SmartCardNACKCmd), (24 bytes).
    Removing stm32f10x_usart.o(i.USART_StructInit), (24 bytes).
    Removing stm32f10x_usart.o(i.USART_WakeUpConfig), (18 bytes).
    Removing stm32f10x_flash.o(.rev16_text), (4 bytes).
    Removing stm32f10x_flash.o(.revsh_text), (4 bytes).
    Removing stm32f10x_flash.o(i.FLASH_ClearFlag), (12 bytes).
    Removing stm32f10x_flash.o(i.FLASH_EnableWriteProtection), (196 bytes).
    Removing stm32f10x_flash.o(i.FLASH_EraseAllBank1Pages), (72 bytes).
    Removing stm32f10x_flash.o(i.FLASH_EraseAllPages), (72 bytes).
    Removing stm32f10x_flash.o(i.FLASH_EraseOptionBytes), (168 bytes).
    Removing stm32f10x_flash.o(i.FLASH_ErasePage), (76 bytes).
    Removing stm32f10x_flash.o(i.FLASH_GetBank1Status), (52 bytes).
    Removing stm32f10x_flash.o(i.FLASH_GetFlagStatus), (48 bytes).
    Removing stm32f10x_flash.o(i.FLASH_GetPrefetchBufferStatus), (24 bytes).
    Removing stm32f10x_flash.o(i.FLASH_GetReadOutProtectionStatus), (24 bytes).
    Removing stm32f10x_flash.o(i.FLASH_GetStatus), (52 bytes).
    Removing stm32f10x_flash.o(i.FLASH_GetUserOptionByte), (12 bytes).
    Removing stm32f10x_flash.o(i.FLASH_GetWriteProtectionOptionByte), (12 bytes).
    Removing stm32f10x_flash.o(i.FLASH_HalfCycleAccessCmd), (28 bytes).
    Removing stm32f10x_flash.o(i.FLASH_ITConfig), (32 bytes).
    Removing stm32f10x_flash.o(i.FLASH_Lock), (20 bytes).
    Removing stm32f10x_flash.o(i.FLASH_LockBank1), (20 bytes).
    Removing stm32f10x_flash.o(i.FLASH_PrefetchBufferCmd), (28 bytes).
    Removing stm32f10x_flash.o(i.FLASH_ProgramHalfWord), (64 bytes).
    Removing stm32f10x_flash.o(i.FLASH_ProgramOptionByteData), (84 bytes).
    Removing stm32f10x_flash.o(i.FLASH_ProgramWord), (108 bytes).
    Removing stm32f10x_flash.o(i.FLASH_ReadOutProtection), (172 bytes).
    Removing stm32f10x_flash.o(i.FLASH_SetLatency), (24 bytes).
    Removing stm32f10x_flash.o(i.FLASH_Unlock), (24 bytes).
    Removing stm32f10x_flash.o(i.FLASH_UnlockBank1), (24 bytes).
    Removing stm32f10x_flash.o(i.FLASH_UserOptionByteConfig), (104 bytes).
    Removing stm32f10x_flash.o(i.FLASH_WaitForLastBank1Operation), (38 bytes).
    Removing stm32f10x_flash.o(i.FLASH_WaitForLastOperation), (38 bytes).
    Removing system_stm32f10x.o(.rev16_text), (4 bytes).
    Removing system_stm32f10x.o(.revsh_text), (4 bytes).
    Removing system_stm32f10x.o(i.SystemCoreClockUpdate), (164 bytes).
    Removing system_stm32f10x.o(.data), (20 bytes).
    Removing cpu_core.o(i.CPU_CntLeadZeros08), (18 bytes).
    Removing cpu_core.o(i.CPU_CntLeadZeros16), (18 bytes).
    Removing cpu_core.o(i.CPU_CntLeadZeros32), (18 bytes).
    Removing cpu_core.o(i.CPU_CntLeadZeros64), (192 bytes).
    Removing cpu_core.o(i.CPU_CntTrailZeros08), (22 bytes).
    Removing cpu_core.o(i.CPU_CntTrailZeros16), (22 bytes).
    Removing cpu_core.o(i.CPU_CntTrailZeros32), (22 bytes).
    Removing cpu_core.o(i.CPU_CntTrailZeros64), (62 bytes).
    Removing cpu_core.o(i.CPU_NameGet), (84 bytes).
    Removing cpu_core.o(i.CPU_NameSet), (108 bytes).
    Removing cpu_core.o(i.CPU_PopCnt32), (56 bytes).
    Removing cpu_core.o(i.CPU_SW_Exception), (4 bytes).
    Removing cpu_core.o(i.CPU_TS_Get32), (12 bytes).
    Removing cpu_core.o(i.CPU_TS_TmrFreqGet), (36 bytes).
    Removing cpu_core.o(i.CPU_TS_Update), (2 bytes).
    Removing cpu_core.o(.constdata), (260 bytes).
    Removing cpu_c.o(i.CPU_BitBandClr), (68 bytes).
    Removing cpu_c.o(i.CPU_BitBandSet), (68 bytes).
    Removing cpu_c.o(i.CPU_IntSrcDis), (376 bytes).
    Removing cpu_c.o(i.CPU_IntSrcEn), (376 bytes).
    Removing cpu_c.o(i.CPU_IntSrcPendClr), (172 bytes).
    Removing cpu_c.o(i.CPU_IntSrcPrioGet), (520 bytes).
    Removing cpu_c.o(i.CPU_IntSrcPrioSet), (564 bytes).
    Removing lib_ascii.o(i.ASCII_Cmp), (38 bytes).
    Removing lib_ascii.o(i.ASCII_IsAlpha), (48 bytes).
    Removing lib_ascii.o(i.ASCII_IsAlphaNum), (76 bytes).
    Removing lib_ascii.o(i.ASCII_IsBlank), (20 bytes).
    Removing lib_ascii.o(i.ASCII_IsCtrl), (26 bytes).
    Removing lib_ascii.o(i.ASCII_IsDig), (20 bytes).
    Removing lib_ascii.o(i.ASCII_IsDigHex), (36 bytes).
    Removing lib_ascii.o(i.ASCII_IsDigOct), (20 bytes).
    Removing lib_ascii.o(i.ASCII_IsGraph), (20 bytes).
    Removing lib_ascii.o(i.ASCII_IsLower), (20 bytes).
    Removing lib_ascii.o(i.ASCII_IsPrint), (20 bytes).
    Removing lib_ascii.o(i.ASCII_IsPunct), (134 bytes).
    Removing lib_ascii.o(i.ASCII_IsSpace), (36 bytes).
    Removing lib_ascii.o(i.ASCII_IsUpper), (20 bytes).
    Removing lib_ascii.o(i.ASCII_ToLower), (32 bytes).
    Removing lib_ascii.o(i.ASCII_ToUpper), (32 bytes).
    Removing lib_math.o(i.Math_Init), (10 bytes).
    Removing lib_math.o(i.Math_Rand), (64 bytes).
    Removing lib_math.o(i.Math_RandSeed), (24 bytes).
    Removing lib_math.o(i.Math_RandSetSeed), (52 bytes).
    Removing lib_math.o(.data), (4 bytes).
    Removing lib_mem.o(i.Mem_Cmp), (192 bytes).
    Removing lib_mem.o(i.Mem_DynPoolBlkFree), (142 bytes).
    Removing lib_mem.o(i.Mem_DynPoolBlkGet), (210 bytes).
    Removing lib_mem.o(i.Mem_DynPoolBlkNbrAvailGet), (78 bytes).
    Removing lib_mem.o(i.Mem_DynPoolCreate), (64 bytes).
    Removing lib_mem.o(i.Mem_DynPoolCreateHW), (64 bytes).
    Removing lib_mem.o(i.Mem_DynPoolCreateInternal), (240 bytes).
    Removing lib_mem.o(i.Mem_HeapAlloc), (60 bytes).
    Removing lib_mem.o(i.Mem_HeapGetSizeRem), (44 bytes).
    Removing lib_mem.o(i.Mem_Init), (72 bytes).
    Removing lib_mem.o(i.Mem_Move), (186 bytes).
    Removing lib_mem.o(i.Mem_PoolBlkFree), (108 bytes).
    Removing lib_mem.o(i.Mem_PoolBlkGet), (100 bytes).
    Removing lib_mem.o(i.Mem_PoolBlkGetNbrAvail), (60 bytes).
    Removing lib_mem.o(i.Mem_PoolClr), (22 bytes).
    Removing lib_mem.o(i.Mem_PoolCreate), (440 bytes).
    Removing lib_mem.o(i.Mem_SegAlloc), (52 bytes).
    Removing lib_mem.o(i.Mem_SegAllocExt), (52 bytes).
    Removing lib_mem.o(i.Mem_SegAllocExtCritical), (164 bytes).
    Removing lib_mem.o(i.Mem_SegAllocHW), (52 bytes).
    Removing lib_mem.o(i.Mem_SegAllocInternal), (112 bytes).
    Removing lib_mem.o(i.Mem_SegClr), (56 bytes).
    Removing lib_mem.o(i.Mem_SegCreate), (82 bytes).
    Removing lib_mem.o(i.Mem_SegCreateCritical), (32 bytes).
    Removing lib_mem.o(i.Mem_SegOverlapChkCritical), (88 bytes).
    Removing lib_mem.o(i.Mem_SegRemSizeGet), (152 bytes).
    Removing lib_mem.o(.bss), (1044 bytes).
    Removing lib_mem.o(.data), (4 bytes).
    Removing lib_str.o(i.Str_Cat), (24 bytes).
    Removing lib_str.o(i.Str_Cat_N), (90 bytes).
    Removing lib_str.o(i.Str_Char), (24 bytes).
    Removing lib_str.o(i.Str_Char_Last), (24 bytes).
    Removing lib_str.o(i.Str_Char_Last_N), (76 bytes).
    Removing lib_str.o(i.Str_Char_N), (74 bytes).
    Removing lib_str.o(i.Str_Char_Replace), (28 bytes).
    Removing lib_str.o(i.Str_Char_Replace_N), (52 bytes).
    Removing lib_str.o(i.Str_Cmp), (24 bytes).
    Removing lib_str.o(i.Str_CmpIgnoreCase), (24 bytes).
    Removing lib_str.o(i.Str_CmpIgnoreCase_N), (264 bytes).
    Removing lib_str.o(i.Str_Cmp_N), (156 bytes).
    Removing lib_str.o(i.Str_Copy), (24 bytes).
    Removing lib_str.o(i.Str_Copy_N), (70 bytes).
    Removing lib_str.o(i.Str_FmtNbr_Int32), (480 bytes).
    Removing lib_str.o(i.Str_FmtNbr_Int32S), (62 bytes).
    Removing lib_str.o(i.Str_FmtNbr_Int32U), (46 bytes).
    Removing lib_str.o(i.Str_Len), (20 bytes).
    Removing lib_str.o(i.Str_Len_N), (28 bytes).
    Removing lib_str.o(i.Str_ParseNbr_Int32), (452 bytes).
    Removing lib_str.o(i.Str_ParseNbr_Int32S), (74 bytes).
    Removing lib_str.o(i.Str_ParseNbr_Int32U), (30 bytes).
    Removing lib_str.o(i.Str_Str), (24 bytes).
    Removing lib_str.o(i.Str_Str_N), (178 bytes).
    Removing lib_str.o(.constdata), (148 bytes).
    Removing lib_mem_a.o(.text), (544 bytes).
    Removing os_core.o(i.OSVersion), (12 bytes).
    Removing os_core.o(i.OS_PendAbort), (152 bytes).
    Removing os_core.o(i.OS_PendObjDel), (148 bytes).
    Removing os_core.o(i.OS_RdyListMoveHeadToTail), (62 bytes).
    Removing os_flag.o(i.OSFlagCreate), (136 bytes).
    Removing os_flag.o(i.OSFlagPend), (952 bytes).
    Removing os_flag.o(i.OSFlagPendGetFlagsRdy), (84 bytes).
    Removing os_flag.o(i.OSFlagPost), (116 bytes).
    Removing os_flag.o(i.OS_FlagBlock), (60 bytes).
    Removing os_flag.o(i.OS_FlagClr), (40 bytes).
    Removing os_flag.o(i.OS_FlagDbgListAdd), (48 bytes).
    Removing os_flag.o(i.OS_FlagDbgListRemove), (48 bytes).
    Removing os_flag.o(i.OS_FlagPost), (372 bytes).
    Removing os_flag.o(i.OS_FlagTaskRdy), (100 bytes).
    Removing os_mem.o(i.OSMemCreate), (252 bytes).
    Removing os_mem.o(i.OSMemGet), (136 bytes).
    Removing os_mem.o(i.OSMemPut), (144 bytes).
    Removing os_mem.o(i.OS_MemDbgListAdd), (40 bytes).
    Removing os_mon.o(i.OSMonCreate), (132 bytes).
    Removing os_mon.o(i.OSMonOp), (448 bytes).
    Removing os_mon.o(i.OS_MonClr), (40 bytes).
    Removing os_mon.o(i.OS_MonDbgListAdd), (48 bytes).
    Removing os_mon.o(i.OS_MonDbgListRemove), (48 bytes).
    Removing os_msg.o(i.OS_MsgQFreeAll), (64 bytes).
    Removing os_msg.o(i.OS_MsgQPut), (260 bytes).
    Removing os_mutex.o(i.OS_MutexClr), (48 bytes).
    Removing os_mutex.o(i.OS_MutexDbgListRemove), (48 bytes).
    Removing os_mutex.o(i.OS_MutexGrpPostAll), (96 bytes).
    Removing os_q.o(i.OSQCreate), (148 bytes).
    Removing os_q.o(i.OSQPend), (488 bytes).
    Removing os_q.o(i.OSQPendAbort), (256 bytes).
    Removing os_q.o(i.OSQPost), (148 bytes).
    Removing os_q.o(i.OS_QClr), (48 bytes).
    Removing os_q.o(i.OS_QDbgListAdd), (48 bytes).
    Removing os_q.o(i.OS_QDbgListRemove), (48 bytes).
    Removing os_q.o(i.OS_QPost), (190 bytes).
    Removing os_sem.o(i.OSSemDel), (308 bytes).
    Removing os_sem.o(i.OSSemPendAbort), (256 bytes).
    Removing os_sem.o(i.OSSemSet), (136 bytes).
    Removing os_sem.o(i.OS_SemClr), (40 bytes).
    Removing os_sem.o(i.OS_SemDbgListRemove), (48 bytes).
    Removing os_task.o(i.OSTaskChangePrio), (208 bytes).
    Removing os_task.o(i.OSTaskQFlush), (132 bytes).
    Removing os_task.o(i.OSTaskQPost), (82 bytes).
    Removing os_task.o(i.OSTaskRegGet), (92 bytes).
    Removing os_task.o(i.OSTaskRegGetID), (100 bytes).
    Removing os_task.o(i.OSTaskRegSet), (92 bytes).
    Removing os_task.o(i.OSTaskSemPendAbort), (244 bytes).
    Removing os_task.o(i.OSTaskSemSet), (140 bytes).
    Removing os_task.o(i.OS_TaskDbgListRemove), (68 bytes).
    Removing os_task.o(i.OS_TaskQPost), (244 bytes).
    Removing os_time.o(i.OSTimeDlyHMSM), (424 bytes).
    Removing os_time.o(i.OSTimeGet), (60 bytes).
    Removing os_time.o(i.OSTimeSet), (60 bytes).
    Removing os_tmr.o(i.OSTmrCreate), (212 bytes).
    Removing os_tmr.o(i.OSTmrRemainGet), (156 bytes).
    Removing os_tmr.o(i.OSTmrSet), (152 bytes).
    Removing os_tmr.o(i.OSTmrStart), (224 bytes).
    Removing os_tmr.o(i.OSTmrStateGet), (116 bytes).
    Removing os_tmr.o(i.OSTmrStop), (240 bytes).
    Removing os_tmr.o(i.OS_TmrClr), (48 bytes).
    Removing os_tmr.o(i.OS_TmrDbgListAdd), (40 bytes).
    Removing os_tmr.o(i.OS_TmrDbgListRemove), (48 bytes).
    Removing os_cpu_c.o(i.OSTaskDelHook), (24 bytes).
    Removing fadd.o(.text), (176 bytes).
    Removing fmul.o(.text), (100 bytes).
    Removing fdiv.o(.text), (124 bytes).
    Removing fflti.o(.text), (18 bytes).
    Removing ffltui.o(.text), (10 bytes).
    Removing dfltui.o(.text), (26 bytes).
    Removing dfixui.o(.text), (50 bytes).
    Removing f2d.o(.text), (38 bytes).
    Removing d2f.o(.text), (56 bytes).
    Removing cfrcmple.o(.text), (20 bytes).
    Removing fepilogue.o(.text), (110 bytes).

403 unused section(s) (total 32819 bytes) removed from the image.

==============================================================================

Memory Map of the image

  Image Entry point : 0x00000000

  Load Region LR_IROM1 (Base: 0x08000000, Size: 0x00005b58, Max: 0x00080000, ABSOLUTE)

    Execution Region ER_IROM1 (Base: 0x08000000, Size: 0x00005a5c, Max: 0x00080000, ABSOLUTE)

    Base Addr    Size         Type   Attr      Idx    E Section Name        Object

    0x08000000   0x00000130   Data   RO          999    RESET               startup_stm32f10x_hd.o
    0x08000130   0x00000000   Code   RO         3777  * .ARM.Collect$$$$00000000  mc_w.l(entry.o)
    0x08000130   0x00000004   Code   RO         4073    .ARM.Collect$$$$00000001  mc_w.l(entry2.o)
    0x08000134   0x00000004   Code   RO         4076    .ARM.Collect$$$$00000004  mc_w.l(entry5.o)
    0x08000138   0x00000000   Code   RO         4078    .ARM.Collect$$$$00000008  mc_w.l(entry7b.o)
    0x08000138   0x00000000   Code   RO         4080    .ARM.Collect$$$$0000000A  mc_w.l(entry8b.o)
    0x08000138   0x00000008   Code   RO         4081    .ARM.Collect$$$$0000000B  mc_w.l(entry9a.o)
    0x08000140   0x00000000   Code   RO         4083    .ARM.Collect$$$$0000000D  mc_w.l(entry10a.o)
    0x08000140   0x00000000   Code   RO         4085    .ARM.Collect$$$$0000000F  mc_w.l(entry11a.o)
    0x08000140   0x00000004   Code   RO         4074    .ARM.Collect$$$$00002712  mc_w.l(entry2.o)
    0x08000144   0x00000024   Code   RO         1000    .text               startup_stm32f10x_hd.o
    0x08000168   0x00000034   Code   RO         2178    .text               cpu_a.o
    0x0800019c   0x00000062   Code   RO         3780    .text               mc_w.l(uldiv.o)
    0x080001fe   0x0000014e   Code   RO         4053    .text               mf_w.l(dadd.o)
    0x0800034c   0x000000e4   Code   RO         4055    .text               mf_w.l(dmul.o)
    0x08000430   0x000000de   Code   RO         4057    .text               mf_w.l(ddiv.o)
    0x0800050e   0x0000002c   Code   RO         4088    .text               mc_w.l(uidiv.o)
    0x0800053a   0x0000001e   Code   RO         4090    .text               mc_w.l(llshl.o)
    0x08000558   0x00000020   Code   RO         4092    .text               mc_w.l(llushr.o)
    0x08000578   0x00000024   Code   RO         4094    .text               mc_w.l(llsshr.o)
    0x0800059c   0x00000000   Code   RO         4096    .text               mc_w.l(iusefp.o)
    0x0800059c   0x000000ba   Code   RO         4099    .text               mf_w.l(depilogue.o)
    0x08000656   0x00000030   Code   RO         4101    .text               mf_w.l(dfixul.o)
    0x08000686   0x00000002   PAD
    0x08000688   0x00000030   Code   RO         4103    .text               mf_w.l(cdrcmple.o)
    0x080006b8   0x00000024   Code   RO         4105    .text               mc_w.l(init.o)
    0x080006dc   0x000000be   Code   RO         3696    CODE                os_cpu_a.o
    0x0800079a   0x00000002   PAD
    0x0800079c   0x00000020   Code   RO            3    i.AppObjCreate      app.o
    0x080007bc   0x00000018   Code   RO            4    i.AppTaskCOM        app.o
    0x080007d4   0x000000e8   Code   RO            5    i.AppTaskCreate     app.o
    0x080008bc   0x00000060   Code   RO            6    i.AppTaskMsgPro     app.o
    0x0800091c   0x00000032   Code   RO            7    i.AppTaskStart      app.o
    0x0800094e   0x00000012   Code   RO            8    i.AppTaskUserIF     app.o
    0x08000960   0x0000004c   Code   RO            9    i.App_Printf        app.o
    0x080009ac   0x00000010   Code   RO          357    i.BSP_CPU_ClkFreq   bsp.o
    0x080009bc   0x0000001c   Code   RO          358    i.BSP_Tick_Init     bsp.o
    0x080009d8   0x00000004   Code   RO          843    i.BusFault_Handler  stm32f10x_it.o
    0x080009dc   0x00000010   Code   RO         2014    i.CPU_Init          cpu_core.o
    0x080009ec   0x00000084   Code   RO         2015    i.CPU_IntDisMeasInit  cpu_core.o
    0x08000a70   0x0000001c   Code   RO         2016    i.CPU_IntDisMeasMaxCalc  cpu_core.o
    0x08000a8c   0x0000002c   Code   RO         2017    i.CPU_IntDisMeasMaxCurGet  cpu_core.o
    0x08000ab8   0x0000002c   Code   RO         2018    i.CPU_IntDisMeasMaxCurReset  cpu_core.o
    0x08000ae4   0x0000002c   Code   RO         2019    i.CPU_IntDisMeasMaxGet  cpu_core.o
    0x08000b10   0x00000034   Code   RO         2020    i.CPU_IntDisMeasStart  cpu_core.o
    0x08000b44   0x00000054   Code   RO         2021    i.CPU_IntDisMeasStop  cpu_core.o
    0x08000b98   0x00000038   Code   RO         2022    i.CPU_NameClr       cpu_core.o
    0x08000bd0   0x00000008   Code   RO         2024    i.CPU_NameInit      cpu_core.o
    0x08000bd8   0x00000014   Code   RO         2029    i.CPU_TS_Init       cpu_core.o
    0x08000bec   0x0000000c   Code   RO         2031    i.CPU_TS_TmrFreqSet  cpu_core.o
    0x08000bf8   0x00000034   Code   RO          248    i.CPU_TS_TmrInit    cpu_bsp.o
    0x08000c2c   0x0000000c   Code   RO          249    i.CPU_TS_TmrRd      cpu_bsp.o
    0x08000c38   0x0000001c   Code   RO          577    i.ConfigUartNVIC    bsp_uart_fifo.o
    0x08000c54   0x00000002   Code   RO          844    i.DebugMon_Handler  stm32f10x_it.o
    0x08000c56   0x00000116   Code   RO         1204    i.GPIO_Init         stm32f10x_gpio.o
    0x08000d6c   0x00000058   Code   RO          845    i.HardFault_Handler  stm32f10x_it.o
    0x08000dc4   0x00000094   Code   RO          578    i.InitHardUart      bsp_uart_fifo.o
    0x08000e58   0x00000034   Code   RO          396    i.IsKeyDown1        bsp_key.o
    0x08000e8c   0x00000034   Code   RO          397    i.IsKeyDown10       bsp_key.o
    0x08000ec0   0x00000034   Code   RO          398    i.IsKeyDown2        bsp_key.o
    0x08000ef4   0x00000034   Code   RO          399    i.IsKeyDown3        bsp_key.o
    0x08000f28   0x00000018   Code   RO          400    i.IsKeyDown4        bsp_key.o
    0x08000f40   0x00000018   Code   RO          401    i.IsKeyDown5        bsp_key.o
    0x08000f58   0x00000018   Code   RO          402    i.IsKeyDown6        bsp_key.o
    0x08000f70   0x00000018   Code   RO          403    i.IsKeyDown7        bsp_key.o
    0x08000f88   0x00000018   Code   RO          404    i.IsKeyDown8        bsp_key.o
    0x08000fa0   0x00000034   Code   RO          405    i.IsKeyDown9        bsp_key.o
    0x08000fd4   0x00000004   Code   RO          846    i.MemManage_Handler  stm32f10x_it.o
    0x08000fd8   0x00000012   Code   RO         2370    i.Mem_Clr           lib_mem.o
    0x08000fea   0x00000054   Code   RO         2397    i.Mem_Set           lib_mem.o
    0x0800103e   0x00000002   Code   RO          847    i.NMI_Handler       stm32f10x_it.o
    0x08001040   0x00000070   Code   RO         1006    i.NVIC_Init         misc.o
    0x080010b0   0x00000014   Code   RO         1007    i.NVIC_PriorityGroupConfig  misc.o
    0x080010c4   0x00000002   Code   RO         2702    i.OSCfg_Init        os_cfg_app.o
    0x080010c6   0x00000002   PAD
    0x080010c8   0x00000014   Code   RO         3699    i.OSIdleTaskHook    os_cpu_c.o
    0x080010dc   0x0000015c   Code   RO         2722    i.OSInit            os_core.o
    0x08001238   0x00000038   Code   RO         3700    i.OSInitHook        os_cpu_c.o
    0x08001270   0x0000002c   Code   RO         2723    i.OSIntEnter        os_core.o
    0x0800129c   0x000000e0   Code   RO         2724    i.OSIntExit         os_core.o
    0x0800137c   0x00000088   Code   RO         3097    i.OSMutexCreate     os_mutex.o
    0x08001404   0x00000228   Code   RO         3098    i.OSMutexPend       os_mutex.o
    0x0800162c   0x000001b0   Code   RO         3099    i.OSMutexPost       os_mutex.o
    0x080017dc   0x000000a8   Code   RO         2725    i.OSSched           os_core.o
    0x08001884   0x00000078   Code   RO         2726    i.OSSchedLock       os_core.o
    0x080018fc   0x00000098   Code   RO         2727    i.OSSchedUnlock     os_core.o
    0x08001994   0x00000088   Code   RO         3260    i.OSSemCreate       os_sem.o
    0x08001a1c   0x000001c8   Code   RO         3262    i.OSSemPend         os_sem.o
    0x08001be4   0x00000070   Code   RO         3264    i.OSSemPost         os_sem.o
    0x08001c54   0x0000009c   Code   RO         2728    i.OSStart           os_core.o
    0x08001cf0   0x00000148   Code   RO         3326    i.OSStatReset       os_stat.o
    0x08001e38   0x00000100   Code   RO         3327    i.OSStatTaskCPUUsageInit  os_stat.o
    0x08001f38   0x00000014   Code   RO         3701    i.OSStatTaskHook    os_cpu_c.o
    0x08001f4c   0x000001c0   Code   RO         3357    i.OSTaskCreate      os_task.o
    0x0800210c   0x00000018   Code   RO         3702    i.OSTaskCreateHook  os_cpu_c.o
    0x08002124   0x000001f0   Code   RO         3359    i.OSTaskQPend       os_task.o
    0x08002314   0x00000074   Code   RO         3364    i.OSTaskResume      os_task.o
    0x08002388   0x00000018   Code   RO         3704    i.OSTaskReturnHook  os_cpu_c.o
    0x080023a0   0x000001fc   Code   RO         3365    i.OSTaskSemPend     os_task.o
    0x0800259c   0x0000003e   Code   RO         3367    i.OSTaskSemPost     os_task.o
    0x080025da   0x00000002   PAD
    0x080025dc   0x000000e4   Code   RO         3369    i.OSTaskStkChk      os_task.o
    0x080026c0   0x000000c4   Code   RO         3705    i.OSTaskStkInit     os_cpu_c.o
    0x08002784   0x00000038   Code   RO         3370    i.OSTaskSuspend     os_task.o
    0x080027bc   0x0000007c   Code   RO         3706    i.OSTaskSwHook      os_cpu_c.o
    0x08002838   0x000000bc   Code   RO         3558    i.OSTimeDly         os_time.o
    0x080028f4   0x00000054   Code   RO         3562    i.OSTimeTick        os_time.o
    0x08002948   0x00000014   Code   RO         3707    i.OSTimeTickHook    os_cpu_c.o
    0x0800295c   0x00000036   Code   RO         3708    i.OS_CPU_SysTickHandler  os_cpu_c.o
    0x08002992   0x00000002   PAD
    0x08002994   0x00000030   Code   RO         3709    i.OS_CPU_SysTickInit  os_cpu_c.o
    0x080029c4   0x000001a8   Code   RO         2902    i.OS_Dbg_Init       os_dbg.o
    0x08002b6c   0x0000004c   Code   RO         2730    i.OS_IdleTask       os_core.o
    0x08002bb8   0x00000070   Code   RO         2731    i.OS_IdleTaskInit   os_core.o
    0x08002c28   0x00000018   Code   RO         2993    i.OS_MemInit        os_mem.o
    0x08002c40   0x0000007c   Code   RO         3061    i.OS_MsgPoolInit    os_msg.o
    0x08002cbc   0x00000068   Code   RO         3063    i.OS_MsgQGet        os_msg.o
    0x08002d24   0x0000000e   Code   RO         3064    i.OS_MsgQInit       os_msg.o
    0x08002d32   0x00000002   PAD
    0x08002d34   0x00000030   Code   RO         3101    i.OS_MutexDbgListAdd  os_mutex.o
    0x08002d64   0x00000008   Code   RO         3103    i.OS_MutexGrpAdd    os_mutex.o
    0x08002d6c   0x0000002c   Code   RO         3105    i.OS_MutexGrpPrioFindHighest  os_mutex.o
    0x08002d98   0x0000001c   Code   RO         3106    i.OS_MutexGrpRemove  os_mutex.o
    0x08002db4   0x00000060   Code   RO         2732    i.OS_Pend           os_core.o
    0x08002e14   0x00000014   Code   RO         2734    i.OS_PendDataInit   os_core.o
    0x08002e28   0x0000005c   Code   RO         2735    i.OS_PendDbgNameAdd  os_core.o
    0x08002e84   0x00000024   Code   RO         2736    i.OS_PendDbgNameRemove  os_core.o
    0x08002ea8   0x00000038   Code   RO         2737    i.OS_PendListChangePrio  os_core.o
    0x08002ee0   0x0000000a   Code   RO         2738    i.OS_PendListInit   os_core.o
    0x08002eea   0x00000066   Code   RO         2739    i.OS_PendListInsertPrio  os_core.o
    0x08002f50   0x00000032   Code   RO         2740    i.OS_PendListRemove  os_core.o
    0x08002f82   0x00000042   Code   RO         2741    i.OS_PendListRemove1  os_core.o
    0x08002fc4   0x000000ac   Code   RO         2743    i.OS_Post           os_core.o
    0x08003070   0x00000018   Code   RO         3169    i.OS_PrioGetHighest  os_prio.o
    0x08003088   0x00000018   Code   RO         3170    i.OS_PrioInit       os_prio.o
    0x080030a0   0x00000024   Code   RO         3171    i.OS_PrioInsert     os_prio.o
    0x080030c4   0x00000024   Code   RO         3172    i.OS_PrioRemove     os_prio.o
    0x080030e8   0x00000024   Code   RO         2744    i.OS_RdyListInit    os_core.o
    0x0800310c   0x0000002c   Code   RO         2745    i.OS_RdyListInsert  os_core.o
    0x08003138   0x00000040   Code   RO         2746    i.OS_RdyListInsertHead  os_core.o
    0x08003178   0x0000003c   Code   RO         2747    i.OS_RdyListInsertTail  os_core.o
    0x080031b4   0x0000005c   Code   RO         2749    i.OS_RdyListRemove  os_core.o
    0x08003210   0x00000030   Code   RO         3267    i.OS_SemDbgListAdd  os_sem.o
    0x08003240   0x000000ca   Code   RO         3269    i.OS_SemPost        os_sem.o
    0x0800330a   0x00000002   PAD
    0x0800330c   0x00000324   Code   RO         3328    i.OS_StatTask       os_stat.o
    0x08003630   0x000000cc   Code   RO         3329    i.OS_StatTaskInit   os_stat.o
    0x080036fc   0x0000002c   Code   RO         2750    i.OS_TaskBlock      os_core.o
    0x08003728   0x000000ec   Code   RO         3371    i.OS_TaskChangePrio  os_task.o
    0x08003814   0x00000030   Code   RO         3372    i.OS_TaskDbgListAdd  os_task.o
    0x08003844   0x00000020   Code   RO         3374    i.OS_TaskInit       os_task.o
    0x08003864   0x000000bc   Code   RO         3375    i.OS_TaskInitTCB    os_task.o
    0x08003920   0x0000011c   Code   RO         3377    i.OS_TaskResume     os_task.o
    0x08003a3c   0x00000024   Code   RO         3378    i.OS_TaskReturn     os_task.o
    0x08003a60   0x000001f0   Code   RO         3379    i.OS_TaskSemPost    os_task.o
    0x08003c50   0x00000188   Code   RO         3380    i.OS_TaskSuspend    os_task.o
    0x08003dd8   0x00000086   Code   RO         3512    i.OS_TickListInsert  os_tick.o
    0x08003e5e   0x00000002   PAD
    0x08003e60   0x000000a8   Code   RO         3513    i.OS_TickListInsertDly  os_tick.o
    0x08003f08   0x00000058   Code   RO         3514    i.OS_TickListRemove  os_tick.o
    0x08003f60   0x000000a8   Code   RO         3515    i.OS_TickListUpdateDly  os_tick.o
    0x08004008   0x00000120   Code   RO         3516    i.OS_TickListUpdateTimeout  os_tick.o
    0x08004128   0x00000074   Code   RO         3517    i.OS_TickTask       os_tick.o
    0x0800419c   0x000000c8   Code   RO         3518    i.OS_TickTaskInit   os_tick.o
    0x08004264   0x00000134   Code   RO         3603    i.OS_TmrInit        os_tmr.o
    0x08004398   0x00000018   Code   RO         3604    i.OS_TmrLock        os_tmr.o
    0x080043b0   0x00000094   Code   RO         3605    i.OS_TmrTask        os_tmr.o
    0x08004444   0x00000044   Code   RO         3606    i.OS_TmrUnlink      os_tmr.o
    0x08004488   0x00000014   Code   RO         3607    i.OS_TmrUnlock      os_tmr.o
    0x0800449c   0x00000020   Code   RO         1392    i.RCC_APB2PeriphClockCmd  stm32f10x_rcc.o
    0x080044bc   0x000000d4   Code   RO         1400    i.RCC_GetClocksFreq  stm32f10x_rcc.o
    0x08004590   0x0000002c   Code   RO          579    i.RS485_InitTXE     bsp_uart_fifo.o
    0x080045bc   0x00000002   Code   RO          849    i.SVC_Handler       stm32f10x_it.o
    0x080045be   0x00000008   Code   RO         1966    i.SetSysClock       system_stm32f10x.o
    0x080045c6   0x00000002   PAD
    0x080045c8   0x000000e0   Code   RO         1967    i.SetSysClockTo72   system_stm32f10x.o
    0x080046a8   0x00000060   Code   RO         1969    i.SystemInit        system_stm32f10x.o
    0x08004708   0x0000003c   Code   RO          585    i.USART1_IRQHandler  bsp_uart_fifo.o
    0x08004744   0x00000012   Code   RO         1596    i.USART_ClearFlag   stm32f10x_usart.o
    0x08004756   0x00000018   Code   RO         1600    i.USART_Cmd         stm32f10x_usart.o
    0x0800476e   0x0000001a   Code   RO         1603    i.USART_GetFlagStatus  stm32f10x_usart.o
    0x08004788   0x00000054   Code   RO         1604    i.USART_GetITStatus  stm32f10x_usart.o
    0x080047dc   0x0000004a   Code   RO         1606    i.USART_ITConfig    stm32f10x_usart.o
    0x08004826   0x00000002   PAD
    0x08004828   0x000000d8   Code   RO         1607    i.USART_Init        stm32f10x_usart.o
    0x08004900   0x0000000a   Code   RO         1614    i.USART_ReceiveData  stm32f10x_usart.o
    0x0800490a   0x00000008   Code   RO         1617    i.USART_SendData    stm32f10x_usart.o
    0x08004912   0x000000e6   Code   RO          587    i.UartIRQ           bsp_uart_fifo.o
    0x080049f8   0x0000003c   Code   RO          589    i.UartVarInit       bsp_uart_fifo.o
    0x08004a34   0x00000004   Code   RO          850    i.UsageFault_Handler  stm32f10x_it.o
    0x08004a38   0x00000020   Code   RO         3853    i.__0printf$2       mc_w.l(printf2.o)
    0x08004a58   0x0000002c   Code   RO         4024    i.__0vsnprintf      mc_w.l(printfa.o)
    0x08004a84   0x00000184   Code   RO         4026    i._fp_digits        mc_w.l(printfa.o)
    0x08004c08   0x000000d6   Code   RO         3860    i._printf_core      mc_w.l(printf2.o)
    0x08004cde   0x00000002   PAD
    0x08004ce0   0x000006dc   Code   RO         4027    i._printf_core      mc_w.l(printfa.o)
    0x080053bc   0x00000024   Code   RO         4028    i._printf_post_padding  mc_w.l(printfa.o)
    0x080053e0   0x0000002e   Code   RO         4029    i._printf_pre_padding  mc_w.l(printfa.o)
    0x0800540e   0x00000016   Code   RO         4030    i._snputc           mc_w.l(printfa.o)
    0x08005424   0x000000cc   Code   RO          407    i.bsp_DetectKey     bsp_key.o
    0x080054f0   0x00000018   Code   RO          359    i.bsp_Init          bsp.o
    0x08005508   0x0000000c   Code   RO          411    i.bsp_InitKey       bsp_key.o
    0x08005514   0x000000a4   Code   RO          412    i.bsp_InitKeyHard   bsp_key.o
    0x080055b8   0x000000d4   Code   RO          413    i.bsp_InitKeyVar    bsp_key.o
    0x0800568c   0x00000074   Code   RO          532    i.bsp_InitLed       bsp_led.o
    0x08005700   0x00000014   Code   RO          590    i.bsp_InitUart      bsp_uart_fifo.o
    0x08005714   0x00000016   Code   RO          414    i.bsp_KeyScan       bsp_key.o
    0x0800572a   0x00000002   PAD
    0x0800572c   0x0000003c   Code   RO          534    i.bsp_LedOff        bsp_led.o
    0x08005768   0x0000004c   Code   RO          536    i.bsp_LedToggle     bsp_led.o
    0x080057b4   0x00000020   Code   RO          415    i.bsp_PutKey        bsp_key.o
    0x080057d4   0x00000024   Code   RO          600    i.fputc             bsp_uart_fifo.o
    0x080057f8   0x00000064   Code   RO           11    i.main              app.o
    0x0800585c   0x00000094   Data   RO         2704    .constdata          os_cfg_app.o
    0x080058f0   0x0000016c   Data   RO         2903    .constdata          os_dbg.o
    0x08005a5c   0x00000000   Data   RO         4107    Region$$Table       anon$$obj.o


    Execution Region RW_IRAM1 (Base: 0x20000000, Size: 0x00003158, Max: 0x00010000, ABSOLUTE)

    Base Addr    Size         Type   Attr      Idx    E Section Name        Object

    0x20000000   0x00000014   Data   RW         1420    .data               stm32f10x_rcc.o
    0x20000014   0x0000001c   Data   RW         2035    .data               cpu_core.o
    0x20000030   0x00000004   Data   RW         3173    .data               os_prio.o
    0x20000034   0x000000c0   Data   RW         3683    .data               os_var.o
    0x200000f4   0x00000004   Data   RW         3710    .data               os_cpu_c.o
    0x200000f8   0x00000004   Data   RW         4087    .data               mc_w.l(stdout.o)
    0x200000fc   0x00001328   Zero   RW           12    .bss                app.o
    0x20001424   0x000000ad   Zero   RW          417    .bss                bsp_key.o
    0x200014d1   0x00000003   PAD
    0x200014d4   0x00000828   Zero   RW          601    .bss                bsp_uart_fifo.o
    0x20001cfc   0x00000010   Zero   RW         2033    .bss                cpu_core.o
    0x20001d0c   0x00000b90   Zero   RW         2703    .bss                os_cfg_app.o
    0x2000289c   0x000004bc   Zero   RW         3682    .bss                os_var.o
    0x20002d58   0x00000400   Zero   RW          997    STACK               startup_stm32f10x_hd.o

